Archive member included to satisfy reference by file (symbol)

D:/Programas/STM32CubeIDE/STM32CubeIDE_1.14.0/STM32CubeIDE/plugins/com.st.stm32cube.ide.mcu.externaltools.gnu-tools-for-stm32.11.3.rel1.win32_1.1.100.202309141235/tools/bin/../lib/gcc/arm-none-eabi/11.3.1/../../../../arm-none-eabi/lib/thumb/v7-m/nofp\libc_nano.a(libc_a-exit.o)
                              D:/Programas/STM32CubeIDE/STM32CubeIDE_1.14.0/STM32CubeIDE/plugins/com.st.stm32cube.ide.mcu.externaltools.gnu-tools-for-stm32.11.3.rel1.win32_1.1.100.202309141235/tools/bin/../lib/gcc/arm-none-eabi/11.3.1/../../../../arm-none-eabi/lib/thumb/v7-m/nofp/crt0.o (exit)
D:/Programas/STM32CubeIDE/STM32CubeIDE_1.14.0/STM32CubeIDE/plugins/com.st.stm32cube.ide.mcu.externaltools.gnu-tools-for-stm32.11.3.rel1.win32_1.1.100.202309141235/tools/bin/../lib/gcc/arm-none-eabi/11.3.1/../../../../arm-none-eabi/lib/thumb/v7-m/nofp\libc_nano.a(libc_a-findfp.o)
                              D:/Programas/STM32CubeIDE/STM32CubeIDE_1.14.0/STM32CubeIDE/plugins/com.st.stm32cube.ide.mcu.externaltools.gnu-tools-for-stm32.11.3.rel1.win32_1.1.100.202309141235/tools/bin/../lib/gcc/arm-none-eabi/11.3.1/../../../../arm-none-eabi/lib/thumb/v7-m/nofp\libc_nano.a(libc_a-exit.o) (__stdio_exit_handler)
D:/Programas/STM32CubeIDE/STM32CubeIDE_1.14.0/STM32CubeIDE/plugins/com.st.stm32cube.ide.mcu.externaltools.gnu-tools-for-stm32.11.3.rel1.win32_1.1.100.202309141235/tools/bin/../lib/gcc/arm-none-eabi/11.3.1/../../../../arm-none-eabi/lib/thumb/v7-m/nofp\libc_nano.a(libc_a-fwalk.o)
                              D:/Programas/STM32CubeIDE/STM32CubeIDE_1.14.0/STM32CubeIDE/plugins/com.st.stm32cube.ide.mcu.externaltools.gnu-tools-for-stm32.11.3.rel1.win32_1.1.100.202309141235/tools/bin/../lib/gcc/arm-none-eabi/11.3.1/../../../../arm-none-eabi/lib/thumb/v7-m/nofp\libc_nano.a(libc_a-findfp.o) (_fwalk_sglue)
D:/Programas/STM32CubeIDE/STM32CubeIDE_1.14.0/STM32CubeIDE/plugins/com.st.stm32cube.ide.mcu.externaltools.gnu-tools-for-stm32.11.3.rel1.win32_1.1.100.202309141235/tools/bin/../lib/gcc/arm-none-eabi/11.3.1/../../../../arm-none-eabi/lib/thumb/v7-m/nofp\libc_nano.a(libc_a-stdio.o)
                              D:/Programas/STM32CubeIDE/STM32CubeIDE_1.14.0/STM32CubeIDE/plugins/com.st.stm32cube.ide.mcu.externaltools.gnu-tools-for-stm32.11.3.rel1.win32_1.1.100.202309141235/tools/bin/../lib/gcc/arm-none-eabi/11.3.1/../../../../arm-none-eabi/lib/thumb/v7-m/nofp\libc_nano.a(libc_a-findfp.o) (__sread)
D:/Programas/STM32CubeIDE/STM32CubeIDE_1.14.0/STM32CubeIDE/plugins/com.st.stm32cube.ide.mcu.externaltools.gnu-tools-for-stm32.11.3.rel1.win32_1.1.100.202309141235/tools/bin/../lib/gcc/arm-none-eabi/11.3.1/../../../../arm-none-eabi/lib/thumb/v7-m/nofp\libc_nano.a(libc_a-memset.o)
                              D:/Programas/STM32CubeIDE/STM32CubeIDE_1.14.0/STM32CubeIDE/plugins/com.st.stm32cube.ide.mcu.externaltools.gnu-tools-for-stm32.11.3.rel1.win32_1.1.100.202309141235/tools/bin/../lib/gcc/arm-none-eabi/11.3.1/../../../../arm-none-eabi/lib/thumb/v7-m/nofp/crt0.o (memset)
D:/Programas/STM32CubeIDE/STM32CubeIDE_1.14.0/STM32CubeIDE/plugins/com.st.stm32cube.ide.mcu.externaltools.gnu-tools-for-stm32.11.3.rel1.win32_1.1.100.202309141235/tools/bin/../lib/gcc/arm-none-eabi/11.3.1/../../../../arm-none-eabi/lib/thumb/v7-m/nofp\libc_nano.a(libc_a-closer.o)
                              D:/Programas/STM32CubeIDE/STM32CubeIDE_1.14.0/STM32CubeIDE/plugins/com.st.stm32cube.ide.mcu.externaltools.gnu-tools-for-stm32.11.3.rel1.win32_1.1.100.202309141235/tools/bin/../lib/gcc/arm-none-eabi/11.3.1/../../../../arm-none-eabi/lib/thumb/v7-m/nofp\libc_nano.a(libc_a-stdio.o) (_close_r)
D:/Programas/STM32CubeIDE/STM32CubeIDE_1.14.0/STM32CubeIDE/plugins/com.st.stm32cube.ide.mcu.externaltools.gnu-tools-for-stm32.11.3.rel1.win32_1.1.100.202309141235/tools/bin/../lib/gcc/arm-none-eabi/11.3.1/../../../../arm-none-eabi/lib/thumb/v7-m/nofp\libc_nano.a(libc_a-reent.o)
                              D:/Programas/STM32CubeIDE/STM32CubeIDE_1.14.0/STM32CubeIDE/plugins/com.st.stm32cube.ide.mcu.externaltools.gnu-tools-for-stm32.11.3.rel1.win32_1.1.100.202309141235/tools/bin/../lib/gcc/arm-none-eabi/11.3.1/../../../../arm-none-eabi/lib/thumb/v7-m/nofp\libc_nano.a(libc_a-closer.o) (errno)
D:/Programas/STM32CubeIDE/STM32CubeIDE_1.14.0/STM32CubeIDE/plugins/com.st.stm32cube.ide.mcu.externaltools.gnu-tools-for-stm32.11.3.rel1.win32_1.1.100.202309141235/tools/bin/../lib/gcc/arm-none-eabi/11.3.1/../../../../arm-none-eabi/lib/thumb/v7-m/nofp\libc_nano.a(libc_a-impure.o)
                              D:/Programas/STM32CubeIDE/STM32CubeIDE_1.14.0/STM32CubeIDE/plugins/com.st.stm32cube.ide.mcu.externaltools.gnu-tools-for-stm32.11.3.rel1.win32_1.1.100.202309141235/tools/bin/../lib/gcc/arm-none-eabi/11.3.1/../../../../arm-none-eabi/lib/thumb/v7-m/nofp\libc_nano.a(libc_a-reent.o) (_impure_ptr)
[...]
Memory Configuration

Name             Origin             Length             Attributes
RAM              0x0000000020000000 0x0000000000005000 xrw
FLASH            0x0000000008000000 0x0000000000010000 xr
*default*        0x0000000000000000 0xffffffffffffffff

Linker script and memory map

LOAD D:/Programas/STM32CubeIDE/STM32CubeIDE_1.14.0/STM32CubeIDE/plugins/com.st.stm32cube.ide.mcu.externaltools.gnu-tools-for-stm32.11.3.rel1.win32_1.1.100.202309141235/tools/bin/../lib/gcc/arm-none-eabi/11.3.1/thumb/v7-m/nofp/crti.o
LOAD D:/Programas/STM32CubeIDE/STM32CubeIDE_1.14.0/STM32CubeIDE/plugins/com.st.stm32cube.ide.mcu.externaltools.gnu-tools-for-stm32.11.3.rel1.win32_1.1.100.202309141235/tools/bin/../lib/gcc/arm-none-eabi/11.3.1/thumb/v7-m/nofp/crtbegin.o
LOAD D:/Programas/STM32CubeIDE/STM32CubeIDE_1.14.0/STM32CubeIDE/plugins/com.st.stm32cube.ide.mcu.externaltools.gnu-tools-for-stm32.11.3.rel1.win32_1.1.100.202309141235/tools/bin/../lib/gcc/arm-none-eabi/11.3.1/../../../../arm-none-eabi/lib/thumb/v7-m/nofp/crt0.o
LOAD ./Core/Src/gpio.o
LOAD ./Core/Src/i2c.o
LOAD ./Core/Src/main.o
LOAD ./Core/Src/mpu6050.o
LOAD ./Core/Src/stm32f1xx_hal_msp.o
LOAD ./Core/Src/stm32f1xx_it.o
LOAD ./Core/Src/syscalls.o
LOAD ./Core/Src/sysmem.o
LOAD ./Core/Src/system_stm32f1xx.o
LOAD ./Core/Startup/startup_stm32f103c8tx.o
LOAD ./Drivers/STM32F1xx_HAL_Driver/Src/stm32f1xx_hal.o
LOAD ./Drivers/STM32F1xx_HAL_Driver/Src/stm32f1xx_hal_cortex.o
LOAD ./Drivers/STM32F1xx_HAL_Driver/Src/stm32f1xx_hal_dma.o
LOAD ./Drivers/STM32F1xx_HAL_Driver/Src/stm32f1xx_hal_exti.o
LOAD ./Drivers/STM32F1xx_HAL_Driver/Src/stm32f1xx_hal_flash.o
LOAD ./Drivers/STM32F1xx_HAL_Driver/Src/stm32f1xx_hal_flash_ex.o
LOAD ./Drivers/STM32F1xx_HAL_Driver/Src/stm32f1xx_hal_gpio.o
LOAD ./Drivers/STM32F1xx_HAL_Driver/Src/stm32f1xx_hal_gpio_ex.o
LOAD ./Drivers/STM32F1xx_HAL_Driver/Src/stm32f1xx_hal_i2c.o
LOAD ./Drivers/STM32F1xx_HAL_Driver/Src/stm32f1xx_hal_pcd.o
LOAD ./Drivers/STM32F1xx_HAL_Driver/Src/stm32f1xx_hal_pcd_ex.o
LOAD ./Drivers/STM32F1xx_HAL_Driver/Src/stm32f1xx_hal_pwr.o
LOAD ./Drivers/STM32F1xx_HAL_Driver/Src/stm32f1xx_hal_rcc.o
LOAD ./Drivers/STM32F1xx_HAL_Driver/Src/stm32f1xx_hal_rcc_ex.o
LOAD ./Drivers/STM32F1xx_HAL_Driver/Src/stm32f1xx_hal_tim.o
LOAD ./Drivers/STM32F1xx_HAL_Driver/Src/stm32f1xx_hal_tim_ex.o
LOAD ./Drivers/STM32F1xx_HAL_Driver/Src/stm32f1xx_ll_usb.o
LOAD ./Middlewares/ST/STM32_USB_Device_Library/Class/CDC/Src/usbd_cdc.o
LOAD ./Middlewares/ST/STM32_USB_Device_Library/Core/Src/usbd_core.o
LOAD ./Middlewares/ST/STM32_USB_Device_Library/Core/Src/usbd_ctlreq.o
LOAD ./Middlewares/ST/STM32_USB_Device_Library/Core/Src/usbd_ioreq.o
LOAD ./USB_DEVICE/App/usb_device.o
LOAD ./USB_DEVICE/App/usbd_cdc_if.o
LOAD ./USB_DEVICE/App/usbd_desc.o
LOAD ./USB_DEVICE/Target/usbd_conf.o
START GROUP
LOAD D:/Programas/STM32CubeIDE/STM32CubeIDE_1.14.0/STM32CubeIDE/plugins/com.st.stm32cube.ide.mcu.externaltools.gnu-tools-for-stm32.11.3.rel1.win32_1.1.100.202309141235/tools/bin/../lib/gcc/arm-none-eabi/11.3.1/../../../../arm-none-eabi/lib/thumb/v7-m/nofp\libc_nano.a
LOAD D:/Programas/STM32CubeIDE/STM32CubeIDE_1.14.0/STM32CubeIDE/plugins/com.st.stm32cube.ide.mcu.externaltools.gnu-tools-for-stm32.11.3.rel1.win32_1.1.100.202309141235/tools/bin/../lib/gcc/arm-none-eabi/11.3.1/../../../../arm-none-eabi/lib/thumb/v7-m/nofp\libm.a
END GROUP
START GROUP
LOAD D:/Programas/STM32CubeIDE/STM32CubeIDE_1.14.0/STM32CubeIDE/plugins/com.st.stm32cube.ide.mcu.externaltools.gnu-tools-for-stm32.11.3.rel1.win32_1.1.100.202309141235/tools/bin/../lib/gcc/arm-none-eabi/11.3.1/thumb/v7-m/nofp\libgcc.a
LOAD D:/Programas/STM32CubeIDE/STM32CubeIDE_1.14.0/STM32CubeIDE/plugins/com.st.stm32cube.ide.mcu.externaltools.gnu-tools-for-stm32.11.3.rel1.win32_1.1.100.202309141235/tools/bin/../lib/gcc/arm-none-eabi/11.3.1/../../../../arm-none-eabi/lib/thumb/v7-m/nofp\libc_nano.a
END GROUP
START GROUP
LOAD D:/Programas/STM32CubeIDE/STM32CubeIDE_1.14.0/STM32CubeIDE/plugins/com.st.stm32cube.ide.mcu.externaltools.gnu-tools-for-stm32.11.3.rel1.win32_1.1.100.202309141235/tools/bin/../lib/gcc/arm-none-eabi/11.3.1/thumb/v7-m/nofp\libgcc.a
LOAD D:/Programas/STM32CubeIDE/STM32CubeIDE_1.14.0/STM32CubeIDE/plugins/com.st.stm32cube.ide.mcu.externaltools.gnu-tools-for-stm32.11.3.rel1.win32_1.1.100.202309141235/tools/bin/../lib/gcc/arm-none-eabi/11.3.1/../../../../arm-none-eabi/lib/thumb/v7-m/nofp\libc_nano.a
LOAD D:/Programas/STM32CubeIDE/STM32CubeIDE_1.14.0/STM32CubeIDE/plugins/com.st.stm32cube.ide.mcu.externaltools.gnu-tools-for-stm32.11.3.rel1.win32_1.1.100.202309141235/tools/bin/../lib/gcc/arm-none-eabi/11.3.1/../../../../arm-none-eabi/lib/thumb/v7-m/nofp\libnosys.a
END GROUP
START GROUP
LOAD D:/Programas/STM32CubeIDE/STM32CubeIDE_1.14.0/STM32CubeIDE/plugins/com.st.stm32cube.ide.mcu.externaltools.gnu-tools-for-stm32.11.3.rel1.win32_1.1.100.202309141235/tools/bin/../lib/gcc/arm-none-eabi/11.3.1/thumb/v7-m/nofp\libgcc.a
LOAD D:/Programas/STM32CubeIDE/STM32CubeIDE_1.14.0/STM32CubeIDE/plugins/com.st.stm32cube.ide.mcu.externaltools.gnu-tools-for-stm32.11.3.rel1.win32_1.1.100.202309141235/tools/bin/../lib/gcc/arm-none-eabi/11.3.1/../../../../arm-none-eabi/lib/thumb/v7-m/nofp\libc_nano.a
LOAD D:/Programas/STM32CubeIDE/STM32CubeIDE_1.14.0/STM32CubeIDE/plugins/com.st.stm32cube.ide.mcu.externaltools.gnu-tools-for-stm32.11.3.rel1.win32_1.1.100.202309141235/tools/bin/../lib/gcc/arm-none-eabi/11.3.1/../../../../arm-none-eabi/lib/thumb/v7-m/nofp\libnosys.a
END GROUP
LOAD D:/Programas/STM32CubeIDE/STM32CubeIDE_1.14.0/STM32CubeIDE/plugins/com.st.stm32cube.ide.mcu.externaltools.gnu-tools-for-stm32.11.3.rel1.win32_1.1.100.202309141235/tools/bin/../lib/gcc/arm-none-eabi/11.3.1/thumb/v7-m/nofp/crtend.o
LOAD D:/Programas/STM32CubeIDE/STM32CubeIDE_1.14.0/STM32CubeIDE/plugins/com.st.stm32cube.ide.mcu.externaltools.gnu-tools-for-stm32.11.3.rel1.win32_1.1.100.202309141235/tools/bin/../lib/gcc/arm-none-eabi/11.3.1/thumb/v7-m/nofp/crtn.o
                0x0000000020005000                _estack = (ORIGIN (RAM) + LENGTH (RAM))
                0x0000000000000200                _Min_Heap_Size = 0x200
                0x0000000000000400                _Min_Stack_Size = 0x400

.isr_vector     0x0000000008000000      0x10c
                0x0000000008000000                . = ALIGN (0x4)
 *(.isr_vector)
 .isr_vector    0x0000000008000000      0x10c ./Core/Startup/startup_stm32f103c8tx.o
                0x0000000008000000                g_pfnVectors
                0x000000000800010c                . = ALIGN (0x4)

.text           0x000000000800010c     0x860c
                0x000000000800010c                . = ALIGN (0x4)
 *(.text)
 .text          0x000000000800010c       0x40 D:/Programas/STM32CubeIDE/STM32CubeIDE_1.14.0/STM32CubeIDE/plugins/com.st.stm32cube.ide.mcu.externaltools.gnu-tools-for-stm32.11.3.rel1.win32_1.1.100.202309141235/tools/bin/../lib/gcc/arm-none-eabi/11.3.1/thumb/v7-m/nofp/crtbegin.o
 *(.text*)
 .text.MX_GPIO_Init
                0x000000000800014c       0x5c ./Core/Src/gpio.o
                0x000000000800014c                MX_GPIO_Init
 .text.MX_I2C1_Init
                0x00000000080001a8       0x5c ./Core/Src/i2c.o
                0x00000000080001a8                MX_I2C1_Init
 .text.HAL_I2C_MspInit
                0x0000000008000204       0x7c ./Core/Src/i2c.o
                0x0000000008000204                HAL_I2C_MspInit
 .text.main     0x0000000008000280       0x2c ./Core/Src/main.o
                0x0000000008000280                main
 .text.SystemClock_Config
                0x00000000080002ac       0xb4 ./Core/Src/main.o
                0x00000000080002ac                SystemClock_Config
 .text.Error_Handler
                0x0000000008000360        0xa ./Core/Src/main.o
                0x0000000008000360                Error_Handler
 .text.MPU6050_Init
                0x000000000800036a       0xae ./Core/Src/mpu6050.o
                0x000000000800036a                MPU6050_Init
 .text.HAL_MspInit
                0x0000000008000418       0x64 ./Core/Src/stm32f1xx_hal_msp.o
                0x0000000008000418                HAL_MspInit
 .text.NMI_Handler
                0x000000000800047c        0x6 ./Core/Src/stm32f1xx_it.o
                0x000000000800047c                NMI_Handler
 .text.HardFault_Handler
                0x0000000008000482        0x6 ./Core/Src/stm32f1xx_it.o
                0x0000000008000482                HardFault_Handler
 .text.MemManage_Handler
                0x0000000008000488        0x6 ./Core/Src/stm32f1xx_it.o
                0x0000000008000488                MemManage_Handler
 .text.BusFault_Handler
                0x000000000800048e        0x6 ./Core/Src/stm32f1xx_it.o
                0x000000000800048e                BusFault_Handler
 .text.UsageFault_Handler
                0x0000000008000494        0x6 ./Core/Src/stm32f1xx_it.o
                0x0000000008000494                UsageFault_Handler
 .text.SVC_Handler
                0x000000000800049a        0xc ./Core/Src/stm32f1xx_it.o
                0x000000000800049a                SVC_Handler
 .text.DebugMon_Handler
                0x00000000080004a6        0xc ./Core/Src/stm32f1xx_it.o
                0x00000000080004a6                DebugMon_Handler
 .text.PendSV_Handler
                0x00000000080004b2        0xc ./Core/Src/stm32f1xx_it.o
                0x00000000080004b2                PendSV_Handler
 .text.SysTick_Handler
                0x00000000080004be        0xc ./Core/Src/stm32f1xx_it.o
                0x00000000080004be                SysTick_Handler
 *fill*         0x00000000080004ca        0x2 
 .text.USB_LP_CAN1_RX0_IRQHandler
                0x00000000080004cc       0x14 ./Core/Src/stm32f1xx_it.o
                0x00000000080004cc                USB_LP_CAN1_RX0_IRQHandler
 .text.SystemInit
                0x00000000080004e0        0xc ./Core/Src/system_stm32f1xx.o
                0x00000000080004e0                SystemInit
 .text.Reset_Handler
                0x00000000080004ec       0x48 ./Core/Startup/startup_stm32f103c8tx.o
                0x00000000080004ec                Reset_Handler
 .text.Default_Handler
                0x0000000008000534        0x2 ./Core/Startup/startup_stm32f103c8tx.o
                0x0000000008000534                RTC_Alarm_IRQHandler
                0x0000000008000534                EXTI2_IRQHandler
                0x0000000008000534                TIM1_CC_IRQHandler
                0x0000000008000534                PVD_IRQHandler
                0x0000000008000534                EXTI3_IRQHandler
                0x0000000008000534                EXTI0_IRQHandler
                0x0000000008000534                I2C2_EV_IRQHandler
                0x0000000008000534                ADC1_2_IRQHandler
                0x0000000008000534                SPI1_IRQHandler
                0x0000000008000534                TAMPER_IRQHandler
                0x0000000008000534                DMA1_Channel4_IRQHandler
                0x0000000008000534                USART3_IRQHandler
                0x0000000008000534                RTC_IRQHandler
                0x0000000008000534                DMA1_Channel7_IRQHandler
                0x0000000008000534                CAN1_RX1_IRQHandler
                0x0000000008000534                TIM4_IRQHandler
                0x0000000008000534                I2C1_EV_IRQHandler
                0x0000000008000534                DMA1_Channel6_IRQHandler
                0x0000000008000534                TIM3_IRQHandler
                0x0000000008000534                RCC_IRQHandler
                0x0000000008000534                TIM1_TRG_COM_IRQHandler
                0x0000000008000534                DMA1_Channel1_IRQHandler
                0x0000000008000534                Default_Handler
                0x0000000008000534                EXTI15_10_IRQHandler
                0x0000000008000534                EXTI9_5_IRQHandler
                0x0000000008000534                SPI2_IRQHandler
                0x0000000008000534                DMA1_Channel5_IRQHandler
                0x0000000008000534                EXTI4_IRQHandler
                0x0000000008000534                USB_HP_CAN1_TX_IRQHandler
                0x0000000008000534                DMA1_Channel3_IRQHandler
                0x0000000008000534                TIM1_UP_IRQHandler
                0x0000000008000534                WWDG_IRQHandler
                0x0000000008000534                TIM2_IRQHandler
                0x0000000008000534                TIM1_BRK_IRQHandler
                0x0000000008000534                EXTI1_IRQHandler
                0x0000000008000534                USART2_IRQHandler
                0x0000000008000534                I2C2_ER_IRQHandler
                0x0000000008000534                DMA1_Channel2_IRQHandler
                0x0000000008000534                CAN1_SCE_IRQHandler
                0x0000000008000534                FLASH_IRQHandler
                0x0000000008000534                USART1_IRQHandler
                0x0000000008000534                I2C1_ER_IRQHandler
                0x0000000008000534                USBWakeUp_IRQHandler
 *fill*         0x0000000008000536        0x2 
 .text.HAL_Init
                0x0000000008000538       0x2c ./Drivers/STM32F1xx_HAL_Driver/Src/stm32f1xx_hal.o
                0x0000000008000538                HAL_Init
 .text.HAL_InitTick
                0x0000000008000564       0x60 ./Drivers/STM32F1xx_HAL_Driver/Src/stm32f1xx_hal.o
                0x0000000008000564                HAL_InitTick
 .text.HAL_IncTick
                0x00000000080005c4       0x24 ./Drivers/STM32F1xx_HAL_Driver/Src/stm32f1xx_hal.o
                0x00000000080005c4                HAL_IncTick
 .text.HAL_GetTick
                0x00000000080005e8       0x14 ./Drivers/STM32F1xx_HAL_Driver/Src/stm32f1xx_hal.o
                0x00000000080005e8                HAL_GetTick
 .text.__NVIC_SetPriorityGrouping
                0x00000000080005fc       0x48 ./Drivers/STM32F1xx_HAL_Driver/Src/stm32f1xx_hal_cortex.o
 .text.__NVIC_GetPriorityGrouping
                0x0000000008000644       0x1c ./Drivers/STM32F1xx_HAL_Driver/Src/stm32f1xx_hal_cortex.o
 .text.__NVIC_EnableIRQ
                0x0000000008000660       0x38 ./Drivers/STM32F1xx_HAL_Driver/Src/stm32f1xx_hal_cortex.o
 .text.__NVIC_SetPriority
                0x0000000008000698       0x54 ./Drivers/STM32F1xx_HAL_Driver/Src/stm32f1xx_hal_cortex.o
 .text.NVIC_EncodePriority
                0x00000000080006ec       0x64 ./Drivers/STM32F1xx_HAL_Driver/Src/stm32f1xx_hal_cortex.o
 .text.SysTick_Config
                0x0000000008000750       0x44 ./Drivers/STM32F1xx_HAL_Driver/Src/stm32f1xx_hal_cortex.o
 .text.HAL_NVIC_SetPriorityGrouping
                0x0000000008000794       0x16 ./Drivers/STM32F1xx_HAL_Driver/Src/stm32f1xx_hal_cortex.o
                0x0000000008000794                HAL_NVIC_SetPriorityGrouping
 .text.HAL_NVIC_SetPriority
                0x00000000080007aa       0x38 ./Drivers/STM32F1xx_HAL_Driver/Src/stm32f1xx_hal_cortex.o
                0x00000000080007aa                HAL_NVIC_SetPriority
 .text.HAL_NVIC_EnableIRQ
                0x00000000080007e2       0x1c ./Drivers/STM32F1xx_HAL_Driver/Src/stm32f1xx_hal_cortex.o
                0x00000000080007e2                HAL_NVIC_EnableIRQ
 .text.HAL_SYSTICK_Config
                0x00000000080007fe       0x18 ./Drivers/STM32F1xx_HAL_Driver/Src/stm32f1xx_hal_cortex.o
                0x00000000080007fe                HAL_SYSTICK_Config
 *fill*         0x0000000008000816        0x2 
 .text.HAL_GPIO_Init
                0x0000000008000818      0x308 ./Drivers/STM32F1xx_HAL_Driver/Src/stm32f1xx_hal_gpio.o
                0x0000000008000818                HAL_GPIO_Init
 .text.HAL_I2C_Init
                0x0000000008000b20      0x288 ./Drivers/STM32F1xx_HAL_Driver/Src/stm32f1xx_hal_i2c.o
                0x0000000008000b20                HAL_I2C_Init
 .text.HAL_I2C_Mem_Write
                0x0000000008000da8      0x1f4 ./Drivers/STM32F1xx_HAL_Driver/Src/stm32f1xx_hal_i2c.o
                0x0000000008000da8                HAL_I2C_Mem_Write
 .text.HAL_I2C_Mem_Read
                0x0000000008000f9c      0x4e8 ./Drivers/STM32F1xx_HAL_Driver/Src/stm32f1xx_hal_i2c.o
                0x0000000008000f9c                HAL_I2C_Mem_Read
 .text.I2C_RequestMemoryWrite
                0x0000000008001484      0x12c ./Drivers/STM32F1xx_HAL_Driver/Src/stm32f1xx_hal_i2c.o
 .text.I2C_RequestMemoryRead
                0x00000000080015b0      0x1d0 ./Drivers/STM32F1xx_HAL_Driver/Src/stm32f1xx_hal_i2c.o
 .text.I2C_WaitOnFlagUntilTimeout
                0x0000000008001780       0xf4 ./Drivers/STM32F1xx_HAL_Driver/Src/stm32f1xx_hal_i2c.o
 .text.I2C_WaitOnMasterAddressFlagUntilTimeout
                0x0000000008001874      0x140 ./Drivers/STM32F1xx_HAL_Driver/Src/stm32f1xx_hal_i2c.o
 .text.I2C_WaitOnTXEFlagUntilTimeout
                0x00000000080019b4       0x90 ./Drivers/STM32F1xx_HAL_Driver/Src/stm32f1xx_hal_i2c.o
 .text.I2C_WaitOnBTFFlagUntilTimeout
                0x0000000008001a44       0x90 ./Drivers/STM32F1xx_HAL_Driver/Src/stm32f1xx_hal_i2c.o
 .text.I2C_WaitOnRXNEFlagUntilTimeout
                0x0000000008001ad4       0xba ./Drivers/STM32F1xx_HAL_Driver/Src/stm32f1xx_hal_i2c.o
 .text.I2C_IsAcknowledgeFailed
                0x0000000008001b8e       0x5c ./Drivers/STM32F1xx_HAL_Driver/Src/stm32f1xx_hal_i2c.o
 .text.HAL_PCD_Init
                0x0000000008001bea      0x1ec ./Drivers/STM32F1xx_HAL_Driver/Src/stm32f1xx_hal_pcd.o
                0x0000000008001bea                HAL_PCD_Init
 .text.HAL_PCD_Start
                0x0000000008001dd6       0x4c ./Drivers/STM32F1xx_HAL_Driver/Src/stm32f1xx_hal_pcd.o
                0x0000000008001dd6                HAL_PCD_Start
 .text.HAL_PCD_IRQHandler
                0x0000000008001e22      0x260 ./Drivers/STM32F1xx_HAL_Driver/Src/stm32f1xx_hal_pcd.o
                0x0000000008001e22                HAL_PCD_IRQHandler
 .text.HAL_PCD_SetAddress
                0x0000000008002082       0x48 ./Drivers/STM32F1xx_HAL_Driver/Src/stm32f1xx_hal_pcd.o
                0x0000000008002082                HAL_PCD_SetAddress
 .text.HAL_PCD_EP_Open
                0x00000000080020ca       0xba ./Drivers/STM32F1xx_HAL_Driver/Src/stm32f1xx_hal_pcd.o
                0x00000000080020ca                HAL_PCD_EP_Open
 .text.HAL_PCD_EP_Close
                0x0000000008002184       0x90 ./Drivers/STM32F1xx_HAL_Driver/Src/stm32f1xx_hal_pcd.o
                0x0000000008002184                HAL_PCD_EP_Close
 .text.HAL_PCD_EP_Receive
                0x0000000008002214       0x62 ./Drivers/STM32F1xx_HAL_Driver/Src/stm32f1xx_hal_pcd.o
                0x0000000008002214                HAL_PCD_EP_Receive
 .text.HAL_PCD_EP_GetRxCount
                0x0000000008002276       0x2e ./Drivers/STM32F1xx_HAL_Driver/Src/stm32f1xx_hal_pcd.o
                0x0000000008002276                HAL_PCD_EP_GetRxCount
 .text.HAL_PCD_EP_Transmit
                0x00000000080022a4       0x6e ./Drivers/STM32F1xx_HAL_Driver/Src/stm32f1xx_hal_pcd.o
                0x00000000080022a4                HAL_PCD_EP_Transmit
 .text.HAL_PCD_EP_SetStall
                0x0000000008002312       0xc0 ./Drivers/STM32F1xx_HAL_Driver/Src/stm32f1xx_hal_pcd.o
                0x0000000008002312                HAL_PCD_EP_SetStall
 .text.HAL_PCD_EP_ClrStall
                0x00000000080023d2       0xa8 ./Drivers/STM32F1xx_HAL_Driver/Src/stm32f1xx_hal_pcd.o
                0x00000000080023d2                HAL_PCD_EP_ClrStall
 .text.PCD_EP_ISR_Handler
                0x000000000800247a      0x7a0 ./Drivers/STM32F1xx_HAL_Driver/Src/stm32f1xx_hal_pcd.o
 .text.HAL_PCD_EP_DB_Receive
                0x0000000008002c1a      0x21a ./Drivers/STM32F1xx_HAL_Driver/Src/stm32f1xx_hal_pcd.o
 .text.HAL_PCD_EP_DB_Transmit
                0x0000000008002e34      0x7f4 ./Drivers/STM32F1xx_HAL_Driver/Src/stm32f1xx_hal_pcd.o
 .text.HAL_PCDEx_PMAConfig
                0x0000000008003628       0x84 ./Drivers/STM32F1xx_HAL_Driver/Src/stm32f1xx_hal_pcd_ex.o
                0x0000000008003628                HAL_PCDEx_PMAConfig
 .text.HAL_RCC_OscConfig
                0x00000000080036ac      0x504 ./Drivers/STM32F1xx_HAL_Driver/Src/stm32f1xx_hal_rcc.o
                0x00000000080036ac                HAL_RCC_OscConfig
 .text.HAL_RCC_ClockConfig
                0x0000000008003bb0      0x1d4 ./Drivers/STM32F1xx_HAL_Driver/Src/stm32f1xx_hal_rcc.o
                0x0000000008003bb0                HAL_RCC_ClockConfig
 .text.HAL_RCC_GetSysClockFreq
                0x0000000008003d84       0xa8 ./Drivers/STM32F1xx_HAL_Driver/Src/stm32f1xx_hal_rcc.o
                0x0000000008003d84                HAL_RCC_GetSysClockFreq
 .text.HAL_RCC_GetHCLKFreq
                0x0000000008003e2c       0x14 ./Drivers/STM32F1xx_HAL_Driver/Src/stm32f1xx_hal_rcc.o
                0x0000000008003e2c                HAL_RCC_GetHCLKFreq
 .text.HAL_RCC_GetPCLK1Freq
                0x0000000008003e40       0x28 ./Drivers/STM32F1xx_HAL_Driver/Src/stm32f1xx_hal_rcc.o
                0x0000000008003e40                HAL_RCC_GetPCLK1Freq
 .text.RCC_Delay
                0x0000000008003e68       0x3c ./Drivers/STM32F1xx_HAL_Driver/Src/stm32f1xx_hal_rcc.o
 .text.HAL_RCCEx_PeriphCLKConfig
                0x0000000008003ea4      0x16c ./Drivers/STM32F1xx_HAL_Driver/Src/stm32f1xx_hal_rcc_ex.o
                0x0000000008003ea4                HAL_RCCEx_PeriphCLKConfig
 .text.USB_CoreInit
                0x0000000008004010       0x1a ./Drivers/STM32F1xx_HAL_Driver/Src/stm32f1xx_ll_usb.o
                0x0000000008004010                USB_CoreInit
 .text.USB_EnableGlobalInt
                0x000000000800402a       0x2c ./Drivers/STM32F1xx_HAL_Driver/Src/stm32f1xx_ll_usb.o
                0x000000000800402a                USB_EnableGlobalInt
 .text.USB_DisableGlobalInt
                0x0000000008004056       0x34 ./Drivers/STM32F1xx_HAL_Driver/Src/stm32f1xx_ll_usb.o
                0x0000000008004056                USB_DisableGlobalInt
 .text.USB_SetCurrentMode
                0x000000000800408a       0x18 ./Drivers/STM32F1xx_HAL_Driver/Src/stm32f1xx_ll_usb.o
                0x000000000800408a                USB_SetCurrentMode
 .text.USB_DevInit
                0x00000000080040a2       0x3a ./Drivers/STM32F1xx_HAL_Driver/Src/stm32f1xx_ll_usb.o
                0x00000000080040a2                USB_DevInit
 .text.USB_ActivateEndpoint
                0x00000000080040dc      0x780 ./Drivers/STM32F1xx_HAL_Driver/Src/stm32f1xx_ll_usb.o
                0x00000000080040dc                USB_ActivateEndpoint
 .text.USB_DeactivateEndpoint
                0x000000000800485c      0x3d8 ./Drivers/STM32F1xx_HAL_Driver/Src/stm32f1xx_ll_usb.o
                0x000000000800485c                USB_DeactivateEndpoint
 .text.USB_EPStartXfer
                0x0000000008004c34     0x1762 ./Drivers/STM32F1xx_HAL_Driver/Src/stm32f1xx_ll_usb.o
                0x0000000008004c34                USB_EPStartXfer
 .text.USB_EPSetStall
                0x0000000008006396       0xa0 ./Drivers/STM32F1xx_HAL_Driver/Src/stm32f1xx_ll_usb.o
                0x0000000008006396                USB_EPSetStall
 .text.USB_EPClearStall
                0x0000000008006436      0x15a ./Drivers/STM32F1xx_HAL_Driver/Src/stm32f1xx_ll_usb.o
                0x0000000008006436                USB_EPClearStall
 .text.USB_SetDevAddress
                0x0000000008006590       0x26 ./Drivers/STM32F1xx_HAL_Driver/Src/stm32f1xx_ll_usb.o
                0x0000000008006590                USB_SetDevAddress
 .text.USB_DevConnect
                0x00000000080065b6       0x14 ./Drivers/STM32F1xx_HAL_Driver/Src/stm32f1xx_ll_usb.o
                0x00000000080065b6                USB_DevConnect
 .text.USB_DevDisconnect
                0x00000000080065ca       0x14 ./Drivers/STM32F1xx_HAL_Driver/Src/stm32f1xx_ll_usb.o
                0x00000000080065ca                USB_DevDisconnect
 .text.USB_ReadInterrupts
                0x00000000080065de       0x1e ./Drivers/STM32F1xx_HAL_Driver/Src/stm32f1xx_ll_usb.o
                0x00000000080065de                USB_ReadInterrupts
 .text.USB_EP0_OutStart
                0x00000000080065fc       0x16 ./Drivers/STM32F1xx_HAL_Driver/Src/stm32f1xx_ll_usb.o
                0x00000000080065fc                USB_EP0_OutStart
 .text.USB_WritePMA
                0x0000000008006612       0x8a ./Drivers/STM32F1xx_HAL_Driver/Src/stm32f1xx_ll_usb.o
                0x0000000008006612                USB_WritePMA
 .text.USB_ReadPMA
                0x000000000800669c       0x9e ./Drivers/STM32F1xx_HAL_Driver/Src/stm32f1xx_ll_usb.o
                0x000000000800669c                USB_ReadPMA
 .text.USBD_CDC_Init
                0x000000000800673a       0xf4 ./Middlewares/ST/STM32_USB_Device_Library/Class/CDC/Src/usbd_cdc.o
 .text.USBD_CDC_DeInit
                0x000000000800682e       0x6e ./Middlewares/ST/STM32_USB_Device_Library/Class/CDC/Src/usbd_cdc.o
 .text.USBD_CDC_Setup
                0x000000000800689c      0x146 ./Middlewares/ST/STM32_USB_Device_Library/Class/CDC/Src/usbd_cdc.o
 .text.USBD_CDC_DataIn
                0x00000000080069e2       0xa6 ./Middlewares/ST/STM32_USB_Device_Library/Class/CDC/Src/usbd_cdc.o
 .text.USBD_CDC_DataOut
                0x0000000008006a88       0x56 ./Middlewares/ST/STM32_USB_Device_Library/Class/CDC/Src/usbd_cdc.o
 .text.USBD_CDC_EP0_RxReady
                0x0000000008006ade       0x50 ./Middlewares/ST/STM32_USB_Device_Library/Class/CDC/Src/usbd_cdc.o
 *fill*         0x0000000008006b2e        0x2 
 .text.USBD_CDC_GetFSCfgDesc
                0x0000000008006b30       0x20 ./Middlewares/ST/STM32_USB_Device_Library/Class/CDC/Src/usbd_cdc.o
 .text.USBD_CDC_GetHSCfgDesc
                0x0000000008006b50       0x20 ./Middlewares/ST/STM32_USB_Device_Library/Class/CDC/Src/usbd_cdc.o
 .text.USBD_CDC_GetOtherSpeedCfgDesc
                0x0000000008006b70       0x20 ./Middlewares/ST/STM32_USB_Device_Library/Class/CDC/Src/usbd_cdc.o
 .text.USBD_CDC_GetDeviceQualifierDescriptor
                0x0000000008006b90       0x20 ./Middlewares/ST/STM32_USB_Device_Library/Class/CDC/Src/usbd_cdc.o
                0x0000000008006b90                USBD_CDC_GetDeviceQualifierDescriptor
 .text.USBD_CDC_RegisterInterface
                0x0000000008006bb0       0x2c ./Middlewares/ST/STM32_USB_Device_Library/Class/CDC/Src/usbd_cdc.o
                0x0000000008006bb0                USBD_CDC_RegisterInterface
 .text.USBD_CDC_SetTxBuffer
                0x0000000008006bdc       0x32 ./Middlewares/ST/STM32_USB_Device_Library/Class/CDC/Src/usbd_cdc.o
                0x0000000008006bdc                USBD_CDC_SetTxBuffer
 .text.USBD_CDC_SetRxBuffer
                0x0000000008006c0e       0x26 ./Middlewares/ST/STM32_USB_Device_Library/Class/CDC/Src/usbd_cdc.o
                0x0000000008006c0e                USBD_CDC_SetRxBuffer
 .text.USBD_CDC_ReceivePacket
                0x0000000008006c34       0x54 ./Middlewares/ST/STM32_USB_Device_Library/Class/CDC/Src/usbd_cdc.o
                0x0000000008006c34                USBD_CDC_ReceivePacket
 .text.USBD_Init
                0x0000000008006c88       0x56 ./Middlewares/ST/STM32_USB_Device_Library/Core/Src/usbd_core.o
                0x0000000008006c88                USBD_Init
 .text.USBD_RegisterClass
                0x0000000008006cde       0x32 ./Middlewares/ST/STM32_USB_Device_Library/Core/Src/usbd_core.o
                0x0000000008006cde                USBD_RegisterClass
 .text.USBD_Start
                0x0000000008006d10       0x18 ./Middlewares/ST/STM32_USB_Device_Library/Core/Src/usbd_core.o
                0x0000000008006d10                USBD_Start
 .text.USBD_RunTestMode
                0x0000000008006d28       0x14 ./Middlewares/ST/STM32_USB_Device_Library/Core/Src/usbd_core.o
                0x0000000008006d28                USBD_RunTestMode
 .text.USBD_SetClassConfig
                0x0000000008006d3c       0x3e ./Middlewares/ST/STM32_USB_Device_Library/Core/Src/usbd_core.o
                0x0000000008006d3c                USBD_SetClassConfig
 .text.USBD_ClrClassConfig
                0x0000000008006d7a       0x26 ./Middlewares/ST/STM32_USB_Device_Library/Core/Src/usbd_core.o
                0x0000000008006d7a                USBD_ClrClassConfig
 .text.USBD_LL_SetupStage
                0x0000000008006da0       0x9a ./Middlewares/ST/STM32_USB_Device_Library/Core/Src/usbd_core.o
                0x0000000008006da0                USBD_LL_SetupStage
 .text.USBD_LL_DataOutStage
                0x0000000008006e3a       0xe2 ./Middlewares/ST/STM32_USB_Device_Library/Core/Src/usbd_core.o
                0x0000000008006e3a                USBD_LL_DataOutStage
 .text.USBD_LL_DataInStage
                0x0000000008006f1c      0x14a ./Middlewares/ST/STM32_USB_Device_Library/Core/Src/usbd_core.o
                0x0000000008006f1c                USBD_LL_DataInStage
 .text.USBD_LL_Reset
                0x0000000008007066       0x82 ./Middlewares/ST/STM32_USB_Device_Library/Core/Src/usbd_core.o
                0x0000000008007066                USBD_LL_Reset
 .text.USBD_LL_SetSpeed
                0x00000000080070e8       0x1e ./Middlewares/ST/STM32_USB_Device_Library/Core/Src/usbd_core.o
                0x00000000080070e8                USBD_LL_SetSpeed
 .text.USBD_LL_Suspend
                0x0000000008007106       0x28 ./Middlewares/ST/STM32_USB_Device_Library/Core/Src/usbd_core.o
                0x0000000008007106                USBD_LL_Suspend
 .text.USBD_LL_Resume
                0x000000000800712e       0x2a ./Middlewares/ST/STM32_USB_Device_Library/Core/Src/usbd_core.o
                0x000000000800712e                USBD_LL_Resume
 .text.USBD_LL_SOF
                0x0000000008007158       0x34 ./Middlewares/ST/STM32_USB_Device_Library/Core/Src/usbd_core.o
                0x0000000008007158                USBD_LL_SOF
 .text.USBD_StdDevReq
                0x000000000800718c       0xd4 ./Middlewares/ST/STM32_USB_Device_Library/Core/Src/usbd_ctlreq.o
                0x000000000800718c                USBD_StdDevReq
 .text.USBD_StdItfReq
                0x0000000008007260       0x90 ./Middlewares/ST/STM32_USB_Device_Library/Core/Src/usbd_ctlreq.o
                0x0000000008007260                USBD_StdItfReq
 .text.USBD_StdEPReq
                0x00000000080072f0      0x2c6 ./Middlewares/ST/STM32_USB_Device_Library/Core/Src/usbd_ctlreq.o
                0x00000000080072f0                USBD_StdEPReq
 *fill*         0x00000000080075b6        0x2 
 .text.USBD_GetDescriptor
                0x00000000080075b8      0x2d0 ./Middlewares/ST/STM32_USB_Device_Library/Core/Src/usbd_ctlreq.o
 .text.USBD_SetAddress
                0x0000000008007888       0x86 ./Middlewares/ST/STM32_USB_Device_Library/Core/Src/usbd_ctlreq.o
 *fill*         0x000000000800790e        0x2 
 .text.USBD_SetConfig
                0x0000000008007910      0x11c ./Middlewares/ST/STM32_USB_Device_Library/Core/Src/usbd_ctlreq.o
 .text.USBD_GetConfig
                0x0000000008007a2c       0x6a ./Middlewares/ST/STM32_USB_Device_Library/Core/Src/usbd_ctlreq.o
 .text.USBD_GetStatus
                0x0000000008007a96       0x66 ./Middlewares/ST/STM32_USB_Device_Library/Core/Src/usbd_ctlreq.o
 .text.USBD_SetFeature
                0x0000000008007afc       0x28 ./Middlewares/ST/STM32_USB_Device_Library/Core/Src/usbd_ctlreq.o
 .text.USBD_ClrFeature
                0x0000000008007b24       0x42 ./Middlewares/ST/STM32_USB_Device_Library/Core/Src/usbd_ctlreq.o
 .text.USBD_ParseSetupRequest
                0x0000000008007b66       0x78 ./Middlewares/ST/STM32_USB_Device_Library/Core/Src/usbd_ctlreq.o
                0x0000000008007b66                USBD_ParseSetupRequest
 .text.USBD_CtlError
                0x0000000008007bde       0x22 ./Middlewares/ST/STM32_USB_Device_Library/Core/Src/usbd_ctlreq.o
                0x0000000008007bde                USBD_CtlError
 .text.USBD_GetString
                0x0000000008007c00       0x84 ./Middlewares/ST/STM32_USB_Device_Library/Core/Src/usbd_ctlreq.o
                0x0000000008007c00                USBD_GetString
 .text.USBD_GetLen
                0x0000000008007c84       0x2e ./Middlewares/ST/STM32_USB_Device_Library/Core/Src/usbd_ctlreq.o
 .text.USBD_CtlSendData
                0x0000000008007cb2       0x38 ./Middlewares/ST/STM32_USB_Device_Library/Core/Src/usbd_ioreq.o
                0x0000000008007cb2                USBD_CtlSendData
 .text.USBD_CtlContinueSendData
                0x0000000008007cea       0x24 ./Middlewares/ST/STM32_USB_Device_Library/Core/Src/usbd_ioreq.o
                0x0000000008007cea                USBD_CtlContinueSendData
 .text.USBD_CtlPrepareRx
                0x0000000008007d0e       0x3c ./Middlewares/ST/STM32_USB_Device_Library/Core/Src/usbd_ioreq.o
                0x0000000008007d0e                USBD_CtlPrepareRx
 .text.USBD_CtlContinueRx
                0x0000000008007d4a       0x24 ./Middlewares/ST/STM32_USB_Device_Library/Core/Src/usbd_ioreq.o
                0x0000000008007d4a                USBD_CtlContinueRx
 .text.USBD_CtlSendStatus
                0x0000000008007d6e       0x26 ./Middlewares/ST/STM32_USB_Device_Library/Core/Src/usbd_ioreq.o
                0x0000000008007d6e                USBD_CtlSendStatus
 .text.USBD_CtlReceiveStatus
                0x0000000008007d94       0x26 ./Middlewares/ST/STM32_USB_Device_Library/Core/Src/usbd_ioreq.o
                0x0000000008007d94                USBD_CtlReceiveStatus
 *fill*         0x0000000008007dba        0x2 
 .text.MX_USB_DEVICE_Init
                0x0000000008007dbc       0x60 ./USB_DEVICE/App/usb_device.o
                0x0000000008007dbc                MX_USB_DEVICE_Init
 .text.CDC_Init_FS
                0x0000000008007e1c       0x28 ./USB_DEVICE/App/usbd_cdc_if.o
 .text.CDC_DeInit_FS
                0x0000000008007e44        0xe ./USB_DEVICE/App/usbd_cdc_if.o
 *fill*         0x0000000008007e52        0x2 
 .text.CDC_Control_FS
                0x0000000008007e54       0xbc ./USB_DEVICE/App/usbd_cdc_if.o
 .text.CDC_Receive_FS
                0x0000000008007f10       0x28 ./USB_DEVICE/App/usbd_cdc_if.o
 .text.USBD_FS_DeviceDescriptor
                0x0000000008007f38       0x24 ./USB_DEVICE/App/usbd_desc.o
                0x0000000008007f38                USBD_FS_DeviceDescriptor
 .text.USBD_FS_LangIDStrDescriptor
                0x0000000008007f5c       0x24 ./USB_DEVICE/App/usbd_desc.o
                0x0000000008007f5c                USBD_FS_LangIDStrDescriptor
 .text.USBD_FS_ProductStrDescriptor
                0x0000000008007f80       0x3c ./USB_DEVICE/App/usbd_desc.o
                0x0000000008007f80                USBD_FS_ProductStrDescriptor
 .text.USBD_FS_ManufacturerStrDescriptor
                0x0000000008007fbc       0x28 ./USB_DEVICE/App/usbd_desc.o
                0x0000000008007fbc                USBD_FS_ManufacturerStrDescriptor
 .text.USBD_FS_SerialStrDescriptor
                0x0000000008007fe4       0x24 ./USB_DEVICE/App/usbd_desc.o
                0x0000000008007fe4                USBD_FS_SerialStrDescriptor
 .text.USBD_FS_ConfigStrDescriptor
                0x0000000008008008       0x3c ./USB_DEVICE/App/usbd_desc.o
                0x0000000008008008                USBD_FS_ConfigStrDescriptor
 .text.USBD_FS_InterfaceStrDescriptor
                0x0000000008008044       0x3c ./USB_DEVICE/App/usbd_desc.o
                0x0000000008008044                USBD_FS_InterfaceStrDescriptor
 .text.Get_SerialNum
                0x0000000008008080       0x58 ./USB_DEVICE/App/usbd_desc.o
 .text.IntToUnicode
                0x00000000080080d8       0x7c ./USB_DEVICE/App/usbd_desc.o
 .text.HAL_PCD_MspInit
                0x0000000008008154       0x4c ./USB_DEVICE/Target/usbd_conf.o
                0x0000000008008154                HAL_PCD_MspInit
 .text.HAL_PCD_SetupStageCallback
                0x00000000080081a0       0x24 ./USB_DEVICE/Target/usbd_conf.o
                0x00000000080081a0                HAL_PCD_SetupStageCallback
 .text.HAL_PCD_DataOutStageCallback
                0x00000000080081c4       0x36 ./USB_DEVICE/Target/usbd_conf.o
                0x00000000080081c4                HAL_PCD_DataOutStageCallback
 .text.HAL_PCD_DataInStageCallback
                0x00000000080081fa       0x34 ./USB_DEVICE/Target/usbd_conf.o
                0x00000000080081fa                HAL_PCD_DataInStageCallback
 .text.HAL_PCD_SOFCallback
                0x000000000800822e       0x1c ./USB_DEVICE/Target/usbd_conf.o
                0x000000000800822e                HAL_PCD_SOFCallback
 .text.HAL_PCD_ResetCallback
                0x000000000800824a       0x3c ./USB_DEVICE/Target/usbd_conf.o
                0x000000000800824a                HAL_PCD_ResetCallback
 *fill*         0x0000000008008286        0x2 
 .text.HAL_PCD_SuspendCallback
                0x0000000008008288       0x34 ./USB_DEVICE/Target/usbd_conf.o
                0x0000000008008288                HAL_PCD_SuspendCallback
 .text.HAL_PCD_ResumeCallback
                0x00000000080082bc       0x1c ./USB_DEVICE/Target/usbd_conf.o
                0x00000000080082bc                HAL_PCD_ResumeCallback
 .text.USBD_LL_Init
                0x00000000080082d8       0xb4 ./USB_DEVICE/Target/usbd_conf.o
                0x00000000080082d8                USBD_LL_Init
 .text.USBD_LL_Start
                0x000000000800838c       0x36 ./USB_DEVICE/Target/usbd_conf.o
                0x000000000800838c                USBD_LL_Start
 .text.USBD_LL_OpenEP
                0x00000000080083c2       0x4c ./USB_DEVICE/Target/usbd_conf.o
                0x00000000080083c2                USBD_LL_OpenEP
 .text.USBD_LL_CloseEP
                0x000000000800840e       0x3e ./USB_DEVICE/Target/usbd_conf.o
                0x000000000800840e                USBD_LL_CloseEP
 .text.USBD_LL_StallEP
                0x000000000800844c       0x3e ./USB_DEVICE/Target/usbd_conf.o
                0x000000000800844c                USBD_LL_StallEP
 .text.USBD_LL_ClearStallEP
                0x000000000800848a       0x3e ./USB_DEVICE/Target/usbd_conf.o
                0x000000000800848a                USBD_LL_ClearStallEP
 .text.USBD_LL_IsStallEP
                0x00000000080084c8       0x56 ./USB_DEVICE/Target/usbd_conf.o
                0x00000000080084c8                USBD_LL_IsStallEP
 .text.USBD_LL_SetUSBAddress
                0x000000000800851e       0x3e ./USB_DEVICE/Target/usbd_conf.o
                0x000000000800851e                USBD_LL_SetUSBAddress
 .text.USBD_LL_Transmit
                0x000000000800855c       0x46 ./USB_DEVICE/Target/usbd_conf.o
                0x000000000800855c                USBD_LL_Transmit
 .text.USBD_LL_PrepareReceive
                0x00000000080085a2       0x46 ./USB_DEVICE/Target/usbd_conf.o
                0x00000000080085a2                USBD_LL_PrepareReceive
 .text.USBD_LL_GetRxDataSize
                0x00000000080085e8       0x26 ./USB_DEVICE/Target/usbd_conf.o
                0x00000000080085e8                USBD_LL_GetRxDataSize
 *fill*         0x000000000800860e        0x2 
 .text.USBD_static_malloc
                0x0000000008008610       0x18 ./USB_DEVICE/Target/usbd_conf.o
                0x0000000008008610                USBD_static_malloc
 .text.USBD_static_free
                0x0000000008008628       0x12 ./USB_DEVICE/Target/usbd_conf.o
                0x0000000008008628                USBD_static_free
 .text.HAL_PCDEx_SetConnectionState
                0x000000000800863a       0x16 ./USB_DEVICE/Target/usbd_conf.o
                0x000000000800863a                HAL_PCDEx_SetConnectionState
 .text.USBD_Get_USB_Status
                0x0000000008008650       0x58 ./USB_DEVICE/Target/usbd_conf.o
 .text.memset   0x00000000080086a8       0x10 D:/Programas/STM32CubeIDE/STM32CubeIDE_1.14.0/STM32CubeIDE/plugins/com.st.stm32cube.ide.mcu.externaltools.gnu-tools-for-stm32.11.3.rel1.win32_1.1.100.202309141235/tools/bin/../lib/gcc/arm-none-eabi/11.3.1/../../../../arm-none-eabi/lib/thumb/v7-m/nofp\libc_nano.a(libc_a-memset.o)
                0x00000000080086a8                memset
 .text.__libc_init_array
                0x00000000080086b8       0x48 D:/Programas/STM32CubeIDE/STM32CubeIDE_1.14.0/STM32CubeIDE/plugins/com.st.stm32cube.ide.mcu.externaltools.gnu-tools-for-stm32.11.3.rel1.win32_1.1.100.202309141235/tools/bin/../lib/gcc/arm-none-eabi/11.3.1/../../../../arm-none-eabi/lib/thumb/v7-m/nofp\libc_nano.a(libc_a-init.o)
                0x00000000080086b8                __libc_init_array
 *(.glue_7)
 .glue_7        0x0000000008008700        0x0 linker stubs
 *(.glue_7t)
 .glue_7t       0x0000000008008700        0x0 linker stubs
 *(.eh_frame)
 .eh_frame      0x0000000008008700        0x0 D:/Programas/STM32CubeIDE/STM32CubeIDE_1.14.0/STM32CubeIDE/plugins/com.st.stm32cube.ide.mcu.externaltools.gnu-tools-for-stm32.11.3.rel1.win32_1.1.100.202309141235/tools/bin/../lib/gcc/arm-none-eabi/11.3.1/thumb/v7-m/nofp/crtbegin.o
 *(.init)
 .init          0x0000000008008700        0x4 D:/Programas/STM32CubeIDE/STM32CubeIDE_1.14.0/STM32CubeIDE/plugins/com.st.stm32cube.ide.mcu.externaltools.gnu-tools-for-stm32.11.3.rel1.win32_1.1.100.202309141235/tools/bin/../lib/gcc/arm-none-eabi/11.3.1/thumb/v7-m/nofp/crti.o
                0x0000000008008700                _init
 .init          0x0000000008008704        0x8 D:/Programas/STM32CubeIDE/STM32CubeIDE_1.14.0/STM32CubeIDE/plugins/com.st.stm32cube.ide.mcu.externaltools.gnu-tools-for-stm32.11.3.rel1.win32_1.1.100.202309141235/tools/bin/../lib/gcc/arm-none-eabi/11.3.1/thumb/v7-m/nofp/crtn.o
 *(.fini)
 .fini          0x000000000800870c        0x4 D:/Programas/STM32CubeIDE/STM32CubeIDE_1.14.0/STM32CubeIDE/plugins/com.st.stm32cube.ide.mcu.externaltools.gnu-tools-for-stm32.11.3.rel1.win32_1.1.100.202309141235/tools/bin/../lib/gcc/arm-none-eabi/11.3.1/thumb/v7-m/nofp/crti.o
                0x000000000800870c                _fini
 .fini          0x0000000008008710        0x8 D:/Programas/STM32CubeIDE/STM32CubeIDE_1.14.0/STM32CubeIDE/plugins/com.st.stm32cube.ide.mcu.externaltools.gnu-tools-for-stm32.11.3.rel1.win32_1.1.100.202309141235/tools/bin/../lib/gcc/arm-none-eabi/11.3.1/thumb/v7-m/nofp/crtn.o
                0x0000000008008718                . = ALIGN (0x4)
                0x0000000008008718                _etext = .

.vfp11_veneer   0x0000000008008718        0x0
 .vfp11_veneer  0x0000000008008718        0x0 linker stubs

.v4_bx          0x0000000008008718        0x0
 .v4_bx         0x0000000008008718        0x0 linker stubs

.iplt           0x0000000008008718        0x0
 .iplt          0x0000000008008718        0x0 D:/Programas/STM32CubeIDE/STM32CubeIDE_1.14.0/STM32CubeIDE/plugins/com.st.stm32cube.ide.mcu.externaltools.gnu-tools-for-stm32.11.3.rel1.win32_1.1.100.202309141235/tools/bin/../lib/gcc/arm-none-eabi/11.3.1/thumb/v7-m/nofp/crtbegin.o

.rodata         0x0000000008008718       0x74
                0x0000000008008718                . = ALIGN (0x4)
 *(.rodata)
 .rodata        0x0000000008008718       0x46 ./USB_DEVICE/App/usbd_desc.o
 *(.rodata*)
 *fill*         0x000000000800875e        0x2 
 .rodata.AHBPrescTable
                0x0000000008008760       0x10 ./Core/Src/system_stm32f1xx.o
                0x0000000008008760                AHBPrescTable
 .rodata.APBPrescTable
                0x0000000008008770        0x8 ./Core/Src/system_stm32f1xx.o
                0x0000000008008770                APBPrescTable
 .rodata.aPLLMULFactorTable.1
                0x0000000008008778       0x10 ./Drivers/STM32F1xx_HAL_Driver/Src/stm32f1xx_hal_rcc.o
 .rodata.aPredivFactorTable.0
                0x0000000008008788        0x2 ./Drivers/STM32F1xx_HAL_Driver/Src/stm32f1xx_hal_rcc.o
                0x000000000800878c                . = ALIGN (0x4)
 *fill*         0x000000000800878a        0x2 

.rel.dyn        0x000000000800878c        0x0
 .rel.iplt      0x000000000800878c        0x0 D:/Programas/STM32CubeIDE/STM32CubeIDE_1.14.0/STM32CubeIDE/plugins/com.st.stm32cube.ide.mcu.externaltools.gnu-tools-for-stm32.11.3.rel1.win32_1.1.100.202309141235/tools/bin/../lib/gcc/arm-none-eabi/11.3.1/thumb/v7-m/nofp/crtbegin.o

.ARM.extab      0x000000000800878c        0x0
                0x000000000800878c                . = ALIGN (0x4)
 *(.ARM.extab* .gnu.linkonce.armextab.*)
                0x000000000800878c                . = ALIGN (0x4)

.ARM            0x000000000800878c        0x0
                0x000000000800878c                . = ALIGN (0x4)
                0x000000000800878c                __exidx_start = .
 *(.ARM.exidx*)
                0x000000000800878c                __exidx_end = .
                0x000000000800878c                . = ALIGN (0x4)

.preinit_array  0x000000000800878c        0x0
                0x000000000800878c                . = ALIGN (0x4)
                0x000000000800878c                PROVIDE (__preinit_array_start = .)
 *(.preinit_array*)
                0x000000000800878c                PROVIDE (__preinit_array_end = .)
                0x000000000800878c                . = ALIGN (0x4)

.init_array     0x000000000800878c        0x4
                0x000000000800878c                . = ALIGN (0x4)
                0x000000000800878c                PROVIDE (__init_array_start = .)
 *(SORT_BY_NAME(.init_array.*))
 *(.init_array*)
 .init_array    0x000000000800878c        0x4 D:/Programas/STM32CubeIDE/STM32CubeIDE_1.14.0/STM32CubeIDE/plugins/com.st.stm32cube.ide.mcu.externaltools.gnu-tools-for-stm32.11.3.rel1.win32_1.1.100.202309141235/tools/bin/../lib/gcc/arm-none-eabi/11.3.1/thumb/v7-m/nofp/crtbegin.o
                0x0000000008008790                PROVIDE (__init_array_end = .)
                0x0000000008008790                . = ALIGN (0x4)

.fini_array     0x0000000008008790        0x4
                0x0000000008008790                . = ALIGN (0x4)
                [!provide]                        PROVIDE (__fini_array_start = .)
 *(SORT_BY_NAME(.fini_array.*))
 *(.fini_array*)
 .fini_array    0x0000000008008790        0x4 D:/Programas/STM32CubeIDE/STM32CubeIDE_1.14.0/STM32CubeIDE/plugins/com.st.stm32cube.ide.mcu.externaltools.gnu-tools-for-stm32.11.3.rel1.win32_1.1.100.202309141235/tools/bin/../lib/gcc/arm-none-eabi/11.3.1/thumb/v7-m/nofp/crtbegin.o
                [!provide]                        PROVIDE (__fini_array_end = .)
                0x0000000008008794                . = ALIGN (0x4)
                0x0000000008008794                _sidata = LOADADDR (.data)

.data           0x0000000020000000      0x17c load address 0x0000000008008794
                0x0000000020000000                . = ALIGN (0x4)
                0x0000000020000000                _sdata = .
 *(.data)
 *(.data*)
 .data.SystemCoreClock
                0x0000000020000000        0x4 ./Core/Src/system_stm32f1xx.o
                0x0000000020000000                SystemCoreClock
 .data.uwTickPrio
                0x0000000020000004        0x4 ./Drivers/STM32F1xx_HAL_Driver/Src/stm32f1xx_hal.o
                0x0000000020000004                uwTickPrio
 .data.uwTickFreq
                0x0000000020000008        0x1 ./Drivers/STM32F1xx_HAL_Driver/Src/stm32f1xx_hal.o
                0x0000000020000008                uwTickFreq
 *fill*         0x0000000020000009        0x3 
 .data.USBD_CDC_DeviceQualifierDesc
                0x000000002000000c        0xa ./Middlewares/ST/STM32_USB_Device_Library/Class/CDC/Src/usbd_cdc.o
 *fill*         0x0000000020000016        0x2 
 .data.USBD_CDC
                0x0000000020000018       0x38 ./Middlewares/ST/STM32_USB_Device_Library/Class/CDC/Src/usbd_cdc.o
                0x0000000020000018                USBD_CDC
 .data.USBD_CDC_CfgHSDesc
                0x0000000020000050       0x43 ./Middlewares/ST/STM32_USB_Device_Library/Class/CDC/Src/usbd_cdc.o
                0x0000000020000050                USBD_CDC_CfgHSDesc
 *fill*         0x0000000020000093        0x1 
 .data.USBD_CDC_CfgFSDesc
                0x0000000020000094       0x43 ./Middlewares/ST/STM32_USB_Device_Library/Class/CDC/Src/usbd_cdc.o
                0x0000000020000094                USBD_CDC_CfgFSDesc
 *fill*         0x00000000200000d7        0x1 
 .data.USBD_CDC_OtherSpeedCfgDesc
                0x00000000200000d8       0x43 ./Middlewares/ST/STM32_USB_Device_Library/Class/CDC/Src/usbd_cdc.o
                0x00000000200000d8                USBD_CDC_OtherSpeedCfgDesc
 *fill*         0x000000002000011b        0x1 
 .data.USBD_Interface_fops_FS
                0x000000002000011c       0x10 ./USB_DEVICE/App/usbd_cdc_if.o
                0x000000002000011c                USBD_Interface_fops_FS
 .data.FS_Desc  0x000000002000012c       0x1c ./USB_DEVICE/App/usbd_desc.o
                0x000000002000012c                FS_Desc
 .data.USBD_FS_DeviceDesc
                0x0000000020000148       0x12 ./USB_DEVICE/App/usbd_desc.o
                0x0000000020000148                USBD_FS_DeviceDesc
 *fill*         0x000000002000015a        0x2 
 .data.USBD_LangIDDesc
                0x000000002000015c        0x4 ./USB_DEVICE/App/usbd_desc.o
                0x000000002000015c                USBD_LangIDDesc
 .data.USBD_StringSerial
                0x0000000020000160       0x1a ./USB_DEVICE/App/usbd_desc.o
                0x0000000020000160                USBD_StringSerial
 *(.RamFunc)
 *(.RamFunc*)
                0x000000002000017c                . = ALIGN (0x4)
 *fill*         0x000000002000017a        0x2 
                0x000000002000017c                _edata = .

.igot.plt       0x000000002000017c        0x0 load address 0x0000000008008910
 .igot.plt      0x000000002000017c        0x0 D:/Programas/STM32CubeIDE/STM32CubeIDE_1.14.0/STM32CubeIDE/plugins/com.st.stm32cube.ide.mcu.externaltools.gnu-tools-for-stm32.11.3.rel1.win32_1.1.100.202309141235/tools/bin/../lib/gcc/arm-none-eabi/11.3.1/thumb/v7-m/nofp/crtbegin.o
                0x000000002000017c                . = ALIGN (0x4)

.bss            0x000000002000017c     0x1234 load address 0x0000000008008910
                0x000000002000017c                _sbss = .
                0x000000002000017c                __bss_start__ = _sbss
 *(.bss)
 .bss           0x000000002000017c       0x1c D:/Programas/STM32CubeIDE/STM32CubeIDE_1.14.0/STM32CubeIDE/plugins/com.st.stm32cube.ide.mcu.externaltools.gnu-tools-for-stm32.11.3.rel1.win32_1.1.100.202309141235/tools/bin/../lib/gcc/arm-none-eabi/11.3.1/thumb/v7-m/nofp/crtbegin.o
 *(.bss*)
 .bss.hi2c1     0x0000000020000198       0x54 ./Core/Src/i2c.o
                0x0000000020000198                hi2c1
 .bss.uwTick    0x00000000200001ec        0x4 ./Drivers/STM32F1xx_HAL_Driver/Src/stm32f1xx_hal.o
                0x00000000200001ec                uwTick
 .bss.cfgidx.0  0x00000000200001f0        0x1 ./Middlewares/ST/STM32_USB_Device_Library/Core/Src/usbd_ctlreq.o
 *fill*         0x00000000200001f1        0x3 
 .bss.hUsbDeviceFS
                0x00000000200001f4      0x2c4 ./USB_DEVICE/App/usb_device.o
                0x00000000200001f4                hUsbDeviceFS
 .bss.UserRxBufferFS
                0x00000000200004b8      0x400 ./USB_DEVICE/App/usbd_cdc_if.o
                0x00000000200004b8                UserRxBufferFS
 .bss.UserTxBufferFS
                0x00000000200008b8      0x400 ./USB_DEVICE/App/usbd_cdc_if.o
                0x00000000200008b8                UserTxBufferFS
 .bss.USBD_StrDesc
                0x0000000020000cb8      0x200 ./USB_DEVICE/App/usbd_desc.o
                0x0000000020000cb8                USBD_StrDesc
 .bss.hpcd_USB_FS
                0x0000000020000eb8      0x2d8 ./USB_DEVICE/Target/usbd_conf.o
                0x0000000020000eb8                hpcd_USB_FS
 .bss.mem.0     0x0000000020001190      0x220 ./USB_DEVICE/Target/usbd_conf.o
 *(COMMON)
                0x00000000200013b0                . = ALIGN (0x4)
                0x00000000200013b0                _ebss = .
                0x00000000200013b0                __bss_end__ = _ebss

._user_heap_stack
                0x00000000200013b0      0x600 load address 0x0000000008008910
                0x00000000200013b0                . = ALIGN (0x8)
                [!provide]                        PROVIDE (end = .)
                0x00000000200013b0                PROVIDE (_end = .)
                0x00000000200015b0                . = (. + _Min_Heap_Size)
 *fill*         0x00000000200013b0      0x200 
                0x00000000200019b0                . = (. + _Min_Stack_Size)
 *fill*         0x00000000200015b0      0x400 
                0x00000000200019b0                . = ALIGN (0x8)

/DISCARD/
 libc.a(*)
 libm.a(*)
 libgcc.a(*)

.ARM.attributes
                0x0000000000000000       0x29
 *(.ARM.attributes)
 .ARM.attributes
                0x0000000000000000       0x1d D:/Programas/STM32CubeIDE/STM32CubeIDE_1.14.0/STM32CubeIDE/plugins/com.st.stm32cube.ide.mcu.externaltools.gnu-tools-for-stm32.11.3.rel1.win32_1.1.100.202309141235/tools/bin/../lib/gcc/arm-none-eabi/11.3.1/thumb/v7-m/nofp/crti.o
 .ARM.attributes
                0x000000000000001d       0x2d D:/Programas/STM32CubeIDE/STM32CubeIDE_1.14.0/STM32CubeIDE/plugins/com.st.stm32cube.ide.mcu.externaltools.gnu-tools-for-stm32.11.3.rel1.win32_1.1.100.202309141235/tools/bin/../lib/gcc/arm-none-eabi/11.3.1/thumb/v7-m/nofp/crtbegin.o
 .ARM.attributes
                0x000000000000004a       0x2d ./Core/Src/gpio.o
 .ARM.attributes
                0x0000000000000077       0x2d ./Core/Src/i2c.o
 .ARM.attributes
                0x00000000000000a4       0x2d ./Core/Src/main.o
 .ARM.attributes
                0x00000000000000d1       0x2d ./Core/Src/mpu6050.o
 .ARM.attributes
                0x00000000000000fe       0x2d ./Core/Src/stm32f1xx_hal_msp.o
 .ARM.attributes
                0x000000000000012b       0x2d ./Core/Src/stm32f1xx_it.o
 .ARM.attributes
                0x0000000000000158       0x2d ./Core/Src/system_stm32f1xx.o
 .ARM.attributes
                0x0000000000000185       0x21 ./Core/Startup/startup_stm32f103c8tx.o
 .ARM.attributes
                0x00000000000001a6       0x2d ./Drivers/STM32F1xx_HAL_Driver/Src/stm32f1xx_hal.o
 .ARM.attributes
                0x00000000000001d3       0x2d ./Drivers/STM32F1xx_HAL_Driver/Src/stm32f1xx_hal_cortex.o
 .ARM.attributes
                0x0000000000000200       0x2d ./Drivers/STM32F1xx_HAL_Driver/Src/stm32f1xx_hal_gpio.o
 .ARM.attributes
                0x000000000000022d       0x2d ./Drivers/STM32F1xx_HAL_Driver/Src/stm32f1xx_hal_i2c.o
 .ARM.attributes
                0x000000000000025a       0x2d ./Drivers/STM32F1xx_HAL_Driver/Src/stm32f1xx_hal_pcd.o
 .ARM.attributes
                0x0000000000000287       0x2d ./Drivers/STM32F1xx_HAL_Driver/Src/stm32f1xx_hal_pcd_ex.o
 .ARM.attributes
                0x00000000000002b4       0x2d ./Drivers/STM32F1xx_HAL_Driver/Src/stm32f1xx_hal_rcc.o
 .ARM.attributes
                0x00000000000002e1       0x2d ./Drivers/STM32F1xx_HAL_Driver/Src/stm32f1xx_hal_rcc_ex.o
 .ARM.attributes
                0x000000000000030e       0x2d ./Drivers/STM32F1xx_HAL_Driver/Src/stm32f1xx_ll_usb.o
 .ARM.attributes
                0x000000000000033b       0x2d ./Middlewares/ST/STM32_USB_Device_Library/Class/CDC/Src/usbd_cdc.o
 .ARM.attributes
                0x0000000000000368       0x2d ./Middlewares/ST/STM32_USB_Device_Library/Core/Src/usbd_core.o
 .ARM.attributes
                0x0000000000000395       0x2d ./Middlewares/ST/STM32_USB_Device_Library/Core/Src/usbd_ctlreq.o
 .ARM.attributes
                0x00000000000003c2       0x2d ./Middlewares/ST/STM32_USB_Device_Library/Core/Src/usbd_ioreq.o
 .ARM.attributes
                0x00000000000003ef       0x2d ./USB_DEVICE/App/usb_device.o
 .ARM.attributes
                0x000000000000041c       0x2d ./USB_DEVICE/App/usbd_cdc_if.o
 .ARM.attributes
                0x0000000000000449       0x2d ./USB_DEVICE/App/usbd_desc.o
 .ARM.attributes
                0x0000000000000476       0x2d ./USB_DEVICE/Target/usbd_conf.o
 .ARM.attributes
                0x00000000000004a3       0x2d D:/Programas/STM32CubeIDE/STM32CubeIDE_1.14.0/STM32CubeIDE/plugins/com.st.stm32cube.ide.mcu.externaltools.gnu-tools-for-stm32.11.3.rel1.win32_1.1.100.202309141235/tools/bin/../lib/gcc/arm-none-eabi/11.3.1/../../../../arm-none-eabi/lib/thumb/v7-m/nofp\libc_nano.a(libc_a-memset.o)
 .ARM.attributes
                0x00000000000004d0       0x2d D:/Programas/STM32CubeIDE/STM32CubeIDE_1.14.0/STM32CubeIDE/plugins/com.st.stm32cube.ide.mcu.externaltools.gnu-tools-for-stm32.11.3.rel1.win32_1.1.100.202309141235/tools/bin/../lib/gcc/arm-none-eabi/11.3.1/../../../../arm-none-eabi/lib/thumb/v7-m/nofp\libc_nano.a(libc_a-init.o)
 .ARM.attributes
                0x00000000000004fd       0x1d D:/Programas/STM32CubeIDE/STM32CubeIDE_1.14.0/STM32CubeIDE/plugins/com.st.stm32cube.ide.mcu.externaltools.gnu-tools-for-stm32.11.3.rel1.win32_1.1.100.202309141235/tools/bin/../lib/gcc/arm-none-eabi/11.3.1/thumb/v7-m/nofp/crtn.o
OUTPUT(RobotBalanceador.elf elf32-littlearm)
LOAD linker stubs
LOAD D:/Programas/STM32CubeIDE/STM32CubeIDE_1.14.0/STM32CubeIDE/plugins/com.st.stm32cube.ide.mcu.externaltools.gnu-tools-for-stm32.11.3.rel1.win32_1.1.100.202309141235/tools/bin/../lib/gcc/arm-none-eabi/11.3.1/../../../../arm-none-eabi/lib/thumb/v7-m/nofp\libc.a
LOAD D:/Programas/STM32CubeIDE/STM32CubeIDE_1.14.0/STM32CubeIDE/plugins/com.st.stm32cube.ide.mcu.externaltools.gnu-tools-for-stm32.11.3.rel1.win32_1.1.100.202309141235/tools/bin/../lib/gcc/arm-none-eabi/11.3.1/../../../../arm-none-eabi/lib/thumb/v7-m/nofp\libm.a
LOAD D:/Programas/STM32CubeIDE/STM32CubeIDE_1.14.0/STM32CubeIDE/plugins/com.st.stm32cube.ide.mcu.externaltools.gnu-tools-for-stm32.11.3.rel1.win32_1.1.100.202309141235/tools/bin/../lib/gcc/arm-none-eabi/11.3.1/thumb/v7-m/nofp\libgcc.a

.comment        0x0000000000000000       0x43
 .comment       0x0000000000000000       0x43 D:/Programas/STM32CubeIDE/STM32CubeIDE_1.14.0/STM32CubeIDE/plugins/com.st.stm32cube.ide.mcu.externaltools.gnu-tools-for-stm32.11.3.rel1.win32_1.1.100.202309141235/tools/bin/../lib/gcc/arm-none-eabi/11.3.1/thumb/v7-m/nofp/crtbegin.o
                                         0x44 (size before relaxing)
 .comment       0x0000000000000043       0x44 ./Core/Src/gpio.o
 .comment       0x0000000000000043       0x44 ./Core/Src/i2c.o
 .comment       0x0000000000000043       0x44 ./Core/Src/main.o
 .comment       0x0000000000000043       0x44 ./Core/Src/mpu6050.o
 .comment       0x0000000000000043       0x44 ./Core/Src/stm32f1xx_hal_msp.o
 .comment       0x0000000000000043       0x44 ./Core/Src/stm32f1xx_it.o
 .comment       0x0000000000000043       0x44 ./Core/Src/system_stm32f1xx.o
 .comment       0x0000000000000043       0x44 ./Drivers/STM32F1xx_HAL_Driver/Src/stm32f1xx_hal.o
 .comment       0x0000000000000043       0x44 ./Drivers/STM32F1xx_HAL_Driver/Src/stm32f1xx_hal_cortex.o
 .comment       0x0000000000000043       0x44 ./Drivers/STM32F1xx_HAL_Driver/Src/stm32f1xx_hal_gpio.o
 .comment       0x0000000000000043       0x44 ./Drivers/STM32F1xx_HAL_Driver/Src/stm32f1xx_hal_i2c.o
 .comment       0x0000000000000043       0x44 ./Drivers/STM32F1xx_HAL_Driver/Src/stm32f1xx_hal_pcd.o
 .comment       0x0000000000000043       0x44 ./Drivers/STM32F1xx_HAL_Driver/Src/stm32f1xx_hal_pcd_ex.o
 .comment       0x0000000000000043       0x44 ./Drivers/STM32F1xx_HAL_Driver/Src/stm32f1xx_hal_rcc.o
 .comment       0x0000000000000043       0x44 ./Drivers/STM32F1xx_HAL_Driver/Src/stm32f1xx_hal_rcc_ex.o
 .comment       0x0000000000000043       0x44 ./Drivers/STM32F1xx_HAL_Driver/Src/stm32f1xx_ll_usb.o
 .comment       0x0000000000000043       0x44 ./Middlewares/ST/STM32_USB_Device_Library/Class/CDC/Src/usbd_cdc.o
 .comment       0x0000000000000043       0x44 ./Middlewares/ST/STM32_USB_Device_Library/Core/Src/usbd_core.o
 .comment       0x0000000000000043       0x44 ./Middlewares/ST/STM32_USB_Device_Library/Core/Src/usbd_ctlreq.o
 .comment       0x0000000000000043       0x44 ./Middlewares/ST/STM32_USB_Device_Library/Core/Src/usbd_ioreq.o
 .comment       0x0000000000000043       0x44 ./USB_DEVICE/App/usb_device.o
 .comment       0x0000000000000043       0x44 ./USB_DEVICE/App/usbd_cdc_if.o
 .comment       0x0000000000000043       0x44 ./USB_DEVICE/App/usbd_desc.o
 .comment       0x0000000000000043       0x44 ./USB_DEVICE/Target/usbd_conf.o

.debug_info     0x0000000000000000     0xf9e1
 .debug_info    0x0000000000000000      0x184 ./Core/Src/gpio.o
 .debug_info    0x0000000000000184      0x7e3 ./Core/Src/i2c.o
 .debug_info    0x0000000000000967      0x945 ./Core/Src/main.o
 .debug_info    0x00000000000012ac      0xa99 ./Core/Src/mpu6050.o
 .debug_info    0x0000000000001d45      0x1f1 ./Core/Src/stm32f1xx_hal_msp.o
 .debug_info    0x0000000000001f36      0x602 ./Core/Src/stm32f1xx_it.o
 .debug_info    0x0000000000002538      0x222 ./Core/Src/system_stm32f1xx.o
 .debug_info    0x000000000000275a       0x23 ./Core/Startup/startup_stm32f103c8tx.o
 .debug_info    0x000000000000277d      0x704 ./Drivers/STM32F1xx_HAL_Driver/Src/stm32f1xx_hal.o
 .debug_info    0x0000000000002e81      0xa87 ./Drivers/STM32F1xx_HAL_Driver/Src/stm32f1xx_hal_cortex.o
 .debug_info    0x0000000000003908      0x5ab ./Drivers/STM32F1xx_HAL_Driver/Src/stm32f1xx_hal_gpio.o
 .debug_info    0x0000000000003eb3     0x2524 ./Drivers/STM32F1xx_HAL_Driver/Src/stm32f1xx_hal_i2c.o
 .debug_info    0x00000000000063d7     0x16dc ./Drivers/STM32F1xx_HAL_Driver/Src/stm32f1xx_hal_pcd.o
 .debug_info    0x0000000000007ab3      0x6c3 ./Drivers/STM32F1xx_HAL_Driver/Src/stm32f1xx_hal_pcd_ex.o
 .debug_info    0x0000000000008176      0x7d5 ./Drivers/STM32F1xx_HAL_Driver/Src/stm32f1xx_hal_rcc.o
 .debug_info    0x000000000000894b      0x3c0 ./Drivers/STM32F1xx_HAL_Driver/Src/stm32f1xx_hal_rcc_ex.o
 .debug_info    0x0000000000008d0b     0x17ae ./Drivers/STM32F1xx_HAL_Driver/Src/stm32f1xx_ll_usb.o
 .debug_info    0x000000000000a4b9     0x1043 ./Middlewares/ST/STM32_USB_Device_Library/Class/CDC/Src/usbd_cdc.o
 .debug_info    0x000000000000b4fc      0xa52 ./Middlewares/ST/STM32_USB_Device_Library/Core/Src/usbd_core.o
 .debug_info    0x000000000000bf4e      0x91c ./Middlewares/ST/STM32_USB_Device_Library/Core/Src/usbd_ctlreq.o
 .debug_info    0x000000000000c86a      0x6a0 ./Middlewares/ST/STM32_USB_Device_Library/Core/Src/usbd_ioreq.o
 .debug_info    0x000000000000cf0a      0x63d ./USB_DEVICE/App/usb_device.o
 .debug_info    0x000000000000d547      0x7ec ./USB_DEVICE/App/usbd_cdc_if.o
 .debug_info    0x000000000000dd33      0x44a ./USB_DEVICE/App/usbd_desc.o
 .debug_info    0x000000000000e17d     0x1864 ./USB_DEVICE/Target/usbd_conf.o

.debug_abbrev   0x0000000000000000     0x3085
 .debug_abbrev  0x0000000000000000       0xc6 ./Core/Src/gpio.o
 .debug_abbrev  0x00000000000000c6      0x1de ./Core/Src/i2c.o
 .debug_abbrev  0x00000000000002a4      0x20c ./Core/Src/main.o
 .debug_abbrev  0x00000000000004b0      0x220 ./Core/Src/mpu6050.o
 .debug_abbrev  0x00000000000006d0       0xdb ./Core/Src/stm32f1xx_hal_msp.o
 .debug_abbrev  0x00000000000007ab      0x192 ./Core/Src/stm32f1xx_it.o
 .debug_abbrev  0x000000000000093d      0x13f ./Core/Src/system_stm32f1xx.o
 .debug_abbrev  0x0000000000000a7c       0x12 ./Core/Startup/startup_stm32f103c8tx.o
 .debug_abbrev  0x0000000000000a8e      0x201 ./Drivers/STM32F1xx_HAL_Driver/Src/stm32f1xx_hal.o
 .debug_abbrev  0x0000000000000c8f      0x2f8 ./Drivers/STM32F1xx_HAL_Driver/Src/stm32f1xx_hal_cortex.o
 .debug_abbrev  0x0000000000000f87      0x1ca ./Drivers/STM32F1xx_HAL_Driver/Src/stm32f1xx_hal_gpio.o
 .debug_abbrev  0x0000000000001151      0x2a3 ./Drivers/STM32F1xx_HAL_Driver/Src/stm32f1xx_hal_i2c.o
 .debug_abbrev  0x00000000000013f4      0x2d6 ./Drivers/STM32F1xx_HAL_Driver/Src/stm32f1xx_hal_pcd.o
 .debug_abbrev  0x00000000000016ca      0x189 ./Drivers/STM32F1xx_HAL_Driver/Src/stm32f1xx_hal_pcd_ex.o
 .debug_abbrev  0x0000000000001853      0x2b3 ./Drivers/STM32F1xx_HAL_Driver/Src/stm32f1xx_hal_rcc.o
 .debug_abbrev  0x0000000000001b06      0x188 ./Drivers/STM32F1xx_HAL_Driver/Src/stm32f1xx_hal_rcc_ex.o
 .debug_abbrev  0x0000000000001c8e      0x1de ./Drivers/STM32F1xx_HAL_Driver/Src/stm32f1xx_ll_usb.o
 .debug_abbrev  0x0000000000001e6c      0x2d3 ./Middlewares/ST/STM32_USB_Device_Library/Class/CDC/Src/usbd_cdc.o
 .debug_abbrev  0x000000000000213f      0x24a ./Middlewares/ST/STM32_USB_Device_Library/Core/Src/usbd_core.o
 .debug_abbrev  0x0000000000002389      0x26b ./Middlewares/ST/STM32_USB_Device_Library/Core/Src/usbd_ctlreq.o
 .debug_abbrev  0x00000000000025f4      0x192 ./Middlewares/ST/STM32_USB_Device_Library/Core/Src/usbd_ioreq.o
 .debug_abbrev  0x0000000000002786      0x18d ./USB_DEVICE/App/usb_device.o
 .debug_abbrev  0x0000000000002913      0x25d ./USB_DEVICE/App/usbd_cdc_if.o
 .debug_abbrev  0x0000000000002b70      0x1ff ./USB_DEVICE/App/usbd_desc.o
 .debug_abbrev  0x0000000000002d6f      0x316 ./USB_DEVICE/Target/usbd_conf.o

.debug_aranges  0x0000000000000000      0xda8
 .debug_aranges
                0x0000000000000000       0x20 ./Core/Src/gpio.o
 .debug_aranges
                0x0000000000000020       0x30 ./Core/Src/i2c.o
 .debug_aranges
                0x0000000000000050       0x30 ./Core/Src/main.o
 .debug_aranges
                0x0000000000000080       0x48 ./Core/Src/mpu6050.o
 .debug_aranges
                0x00000000000000c8       0x20 ./Core/Src/stm32f1xx_hal_msp.o
 .debug_aranges
                0x00000000000000e8       0x68 ./Core/Src/stm32f1xx_it.o
 .debug_aranges
                0x0000000000000150       0x28 ./Core/Src/system_stm32f1xx.o
 .debug_aranges
                0x0000000000000178       0x28 ./Core/Startup/startup_stm32f103c8tx.o
 .debug_aranges
                0x00000000000001a0       0xe0 ./Drivers/STM32F1xx_HAL_Driver/Src/stm32f1xx_hal.o
 .debug_aranges
                0x0000000000000280      0x100 ./Drivers/STM32F1xx_HAL_Driver/Src/stm32f1xx_hal_cortex.o
 .debug_aranges
                0x0000000000000380       0x58 ./Drivers/STM32F1xx_HAL_Driver/Src/stm32f1xx_hal_gpio.o
 .debug_aranges
                0x00000000000003d8      0x2a8 ./Drivers/STM32F1xx_HAL_Driver/Src/stm32f1xx_hal_i2c.o
 .debug_aranges
                0x0000000000000680      0x140 ./Drivers/STM32F1xx_HAL_Driver/Src/stm32f1xx_hal_pcd.o
 .debug_aranges
                0x00000000000007c0       0x38 ./Drivers/STM32F1xx_HAL_Driver/Src/stm32f1xx_hal_pcd_ex.o
 .debug_aranges
                0x00000000000007f8       0x90 ./Drivers/STM32F1xx_HAL_Driver/Src/stm32f1xx_hal_rcc.o
 .debug_aranges
                0x0000000000000888       0x30 ./Drivers/STM32F1xx_HAL_Driver/Src/stm32f1xx_hal_rcc_ex.o
 .debug_aranges
                0x00000000000008b8       0xf8 ./Drivers/STM32F1xx_HAL_Driver/Src/stm32f1xx_ll_usb.o
 .debug_aranges
                0x00000000000009b0       0x90 ./Middlewares/ST/STM32_USB_Device_Library/Class/CDC/Src/usbd_cdc.o
 .debug_aranges
                0x0000000000000a40       0xb8 ./Middlewares/ST/STM32_USB_Device_Library/Core/Src/usbd_core.o
 .debug_aranges
                0x0000000000000af8       0x88 ./Middlewares/ST/STM32_USB_Device_Library/Core/Src/usbd_ctlreq.o
 .debug_aranges
                0x0000000000000b80       0x50 ./Middlewares/ST/STM32_USB_Device_Library/Core/Src/usbd_ioreq.o
 .debug_aranges
                0x0000000000000bd0       0x20 ./USB_DEVICE/App/usb_device.o
 .debug_aranges
                0x0000000000000bf0       0x40 ./USB_DEVICE/App/usbd_cdc_if.o
 .debug_aranges
                0x0000000000000c30       0x60 ./USB_DEVICE/App/usbd_desc.o
 .debug_aranges
                0x0000000000000c90      0x118 ./USB_DEVICE/Target/usbd_conf.o

.debug_rnglists
                0x0000000000000000      0xa36
 .debug_rnglists
                0x0000000000000000       0x13 ./Core/Src/gpio.o
 .debug_rnglists
                0x0000000000000013       0x1f ./Core/Src/i2c.o
 .debug_rnglists
                0x0000000000000032       0x20 ./Core/Src/main.o
 .debug_rnglists
                0x0000000000000052       0x36 ./Core/Src/mpu6050.o
 .debug_rnglists
                0x0000000000000088       0x13 ./Core/Src/stm32f1xx_hal_msp.o
 .debug_rnglists
                0x000000000000009b       0x49 ./Core/Src/stm32f1xx_it.o
 .debug_rnglists
                0x00000000000000e4       0x1a ./Core/Src/system_stm32f1xx.o
 .debug_rnglists
                0x00000000000000fe       0x19 ./Core/Startup/startup_stm32f103c8tx.o
 .debug_rnglists
                0x0000000000000117       0xa3 ./Drivers/STM32F1xx_HAL_Driver/Src/stm32f1xx_hal.o
 .debug_rnglists
                0x00000000000001ba       0xbb ./Drivers/STM32F1xx_HAL_Driver/Src/stm32f1xx_hal_cortex.o
 .debug_rnglists
                0x0000000000000275       0x3f ./Drivers/STM32F1xx_HAL_Driver/Src/stm32f1xx_hal_gpio.o
 .debug_rnglists
                0x00000000000002b4      0x23c ./Drivers/STM32F1xx_HAL_Driver/Src/stm32f1xx_hal_i2c.o
 .debug_rnglists
                0x00000000000004f0       0xf4 ./Drivers/STM32F1xx_HAL_Driver/Src/stm32f1xx_hal_pcd.o
 .debug_rnglists
                0x00000000000005e4       0x26 ./Drivers/STM32F1xx_HAL_Driver/Src/stm32f1xx_hal_pcd_ex.o
 .debug_rnglists
                0x000000000000060a       0x6c ./Drivers/STM32F1xx_HAL_Driver/Src/stm32f1xx_hal_rcc.o
 .debug_rnglists
                0x0000000000000676       0x21 ./Drivers/STM32F1xx_HAL_Driver/Src/stm32f1xx_hal_rcc_ex.o
 .debug_rnglists
                0x0000000000000697       0xbd ./Drivers/STM32F1xx_HAL_Driver/Src/stm32f1xx_ll_usb.o
 .debug_rnglists
                0x0000000000000754       0x6a ./Middlewares/ST/STM32_USB_Device_Library/Class/CDC/Src/usbd_cdc.o
 .debug_rnglists
                0x00000000000007be       0x89 ./Middlewares/ST/STM32_USB_Device_Library/Core/Src/usbd_core.o
 .debug_rnglists
                0x0000000000000847       0x68 ./Middlewares/ST/STM32_USB_Device_Library/Core/Src/usbd_ctlreq.o
 .debug_rnglists
                0x00000000000008af       0x37 ./Middlewares/ST/STM32_USB_Device_Library/Core/Src/usbd_ioreq.o
 .debug_rnglists
                0x00000000000008e6       0x13 ./USB_DEVICE/App/usb_device.o
 .debug_rnglists
                0x00000000000008f9       0x2c ./USB_DEVICE/App/usbd_cdc_if.o
 .debug_rnglists
                0x0000000000000925       0x43 ./USB_DEVICE/App/usbd_desc.o
 .debug_rnglists
                0x0000000000000968       0xce ./USB_DEVICE/Target/usbd_conf.o

.debug_macro    0x0000000000000000    0x19ee1
 .debug_macro   0x0000000000000000      0x1c6 ./Core/Src/gpio.o
 .debug_macro   0x00000000000001c6      0xa9c ./Core/Src/gpio.o
 .debug_macro   0x0000000000000c62      0x21b ./Core/Src/gpio.o
 .debug_macro   0x0000000000000e7d       0x2e ./Core/Src/gpio.o
 .debug_macro   0x0000000000000eab       0x22 ./Core/Src/gpio.o
 .debug_macro   0x0000000000000ecd       0x22 ./Core/Src/gpio.o
 .debug_macro   0x0000000000000eef       0x8e ./Core/Src/gpio.o
 .debug_macro   0x0000000000000f7d       0x51 ./Core/Src/gpio.o
 .debug_macro   0x0000000000000fce      0x103 ./Core/Src/gpio.o
 .debug_macro   0x00000000000010d1       0x6a ./Core/Src/gpio.o
 .debug_macro   0x000000000000113b      0x1df ./Core/Src/gpio.o
 .debug_macro   0x000000000000131a       0x1c ./Core/Src/gpio.o
 .debug_macro   0x0000000000001336       0x22 ./Core/Src/gpio.o
 .debug_macro   0x0000000000001358       0xbd ./Core/Src/gpio.o
 .debug_macro   0x0000000000001415      0xd23 ./Core/Src/gpio.o
 .debug_macro   0x0000000000002138     0xe09e ./Core/Src/gpio.o
 .debug_macro   0x00000000000101d6       0x6d ./Core/Src/gpio.o
 .debug_macro   0x0000000000010243     0x34a2 ./Core/Src/gpio.o
 .debug_macro   0x00000000000136e5      0x174 ./Core/Src/gpio.o
 .debug_macro   0x0000000000013859       0x5c ./Core/Src/gpio.o
 .debug_macro   0x00000000000138b5      0x5bc ./Core/Src/gpio.o
 .debug_macro   0x0000000000013e71      0x289 ./Core/Src/gpio.o
 .debug_macro   0x00000000000140fa      0x1cb ./Core/Src/gpio.o
 .debug_macro   0x00000000000142c5      0x114 ./Core/Src/gpio.o
 .debug_macro   0x00000000000143d9      0x1b2 ./Core/Src/gpio.o
 .debug_macro   0x000000000001458b       0x27 ./Core/Src/gpio.o
 .debug_macro   0x00000000000145b2      0x136 ./Core/Src/gpio.o
 .debug_macro   0x00000000000146e8      0x1bc ./Core/Src/gpio.o
 .debug_macro   0x00000000000148a4       0x34 ./Core/Src/gpio.o
 .debug_macro   0x00000000000148d8       0x3c ./Core/Src/gpio.o
 .debug_macro   0x0000000000014914       0x57 ./Core/Src/gpio.o
 .debug_macro   0x000000000001496b       0x87 ./Core/Src/gpio.o
 .debug_macro   0x00000000000149f2      0x240 ./Core/Src/gpio.o
 .debug_macro   0x0000000000014c32      0x287 ./Core/Src/gpio.o
 .debug_macro   0x0000000000014eb9      0x140 ./Core/Src/gpio.o
 .debug_macro   0x0000000000014ff9       0xb7 ./Core/Src/gpio.o
 .debug_macro   0x00000000000150b0      0x242 ./Core/Src/gpio.o
 .debug_macro   0x00000000000152f2       0x83 ./Core/Src/gpio.o
 .debug_macro   0x0000000000015375      0x1c6 ./Core/Src/i2c.o
 .debug_macro   0x000000000001553b      0x381 ./Core/Src/main.o
 .debug_macro   0x00000000000158bc       0x61 ./Core/Src/main.o
 .debug_macro   0x000000000001591d       0x24 ./Core/Src/main.o
 .debug_macro   0x0000000000015941       0x43 ./Core/Src/main.o
 .debug_macro   0x0000000000015984       0x34 ./Core/Src/main.o
 .debug_macro   0x00000000000159b8       0x16 ./Core/Src/main.o
 .debug_macro   0x00000000000159ce       0x35 ./Core/Src/main.o
 .debug_macro   0x0000000000015a03      0x369 ./Core/Src/main.o
 .debug_macro   0x0000000000015d6c       0x10 ./Core/Src/main.o
 .debug_macro   0x0000000000015d7c       0x16 ./Core/Src/main.o
 .debug_macro   0x0000000000015d92       0x43 ./Core/Src/main.o
 .debug_macro   0x0000000000015dd5       0x34 ./Core/Src/main.o
 .debug_macro   0x0000000000015e09       0x10 ./Core/Src/main.o
 .debug_macro   0x0000000000015e19       0x58 ./Core/Src/main.o
 .debug_macro   0x0000000000015e71       0x8e ./Core/Src/main.o
 .debug_macro   0x0000000000015eff       0x1c ./Core/Src/main.o
 .debug_macro   0x0000000000015f1b      0x177 ./Core/Src/main.o
 .debug_macro   0x0000000000016092       0x16 ./Core/Src/main.o
 .debug_macro   0x00000000000160a8       0x16 ./Core/Src/main.o
 .debug_macro   0x00000000000160be      0x147 ./Core/Src/main.o
 .debug_macro   0x0000000000016205       0x16 ./Core/Src/main.o
 .debug_macro   0x000000000001621b       0x16 ./Core/Src/main.o
 .debug_macro   0x0000000000016231       0x29 ./Core/Src/main.o
 .debug_macro   0x000000000001625a       0x16 ./Core/Src/main.o
 .debug_macro   0x0000000000016270       0x20 ./Core/Src/main.o
 .debug_macro   0x0000000000016290       0x5f ./Core/Src/main.o
 .debug_macro   0x00000000000162ef      0x1c8 ./Core/Src/main.o
 .debug_macro   0x00000000000164b7       0x8f ./Core/Src/main.o
 .debug_macro   0x0000000000016546      0x2b1 ./Core/Src/mpu6050.o
 .debug_macro   0x00000000000167f7       0x5b ./Core/Src/mpu6050.o
 .debug_macro   0x0000000000016852       0x94 ./Core/Src/mpu6050.o
 .debug_macro   0x00000000000168e6       0x57 ./Core/Src/mpu6050.o
 .debug_macro   0x000000000001693d      0x19b ./Core/Src/mpu6050.o
 .debug_macro   0x0000000000016ad8       0x56 ./Core/Src/mpu6050.o
 .debug_macro   0x0000000000016b2e      0x1bc ./Core/Src/stm32f1xx_hal_msp.o
 .debug_macro   0x0000000000016cea      0x1c6 ./Core/Src/stm32f1xx_it.o
 .debug_macro   0x0000000000016eb0      0x1b2 ./Core/Src/system_stm32f1xx.o
 .debug_macro   0x0000000000017062      0x1d6 ./Drivers/STM32F1xx_HAL_Driver/Src/stm32f1xx_hal.o
 .debug_macro   0x0000000000017238      0x1b2 ./Drivers/STM32F1xx_HAL_Driver/Src/stm32f1xx_hal_cortex.o
 .debug_macro   0x00000000000173ea      0x21d ./Drivers/STM32F1xx_HAL_Driver/Src/stm32f1xx_hal_gpio.o
 .debug_macro   0x0000000000017607      0x200 ./Drivers/STM32F1xx_HAL_Driver/Src/stm32f1xx_hal_i2c.o
 .debug_macro   0x0000000000017807      0x1be ./Drivers/STM32F1xx_HAL_Driver/Src/stm32f1xx_hal_pcd.o
 .debug_macro   0x00000000000179c5      0x1b2 ./Drivers/STM32F1xx_HAL_Driver/Src/stm32f1xx_hal_pcd_ex.o
 .debug_macro   0x0000000000017b77      0x1c4 ./Drivers/STM32F1xx_HAL_Driver/Src/stm32f1xx_hal_rcc.o
 .debug_macro   0x0000000000017d3b      0x1b2 ./Drivers/STM32F1xx_HAL_Driver/Src/stm32f1xx_hal_rcc_ex.o
 .debug_macro   0x0000000000017eed      0x1b2 ./Drivers/STM32F1xx_HAL_Driver/Src/stm32f1xx_ll_usb.o
 .debug_macro   0x000000000001809f      0x34b ./Middlewares/ST/STM32_USB_Device_Library/Class/CDC/Src/usbd_cdc.o
 .debug_macro   0x00000000000183ea       0x97 ./Middlewares/ST/STM32_USB_Device_Library/Class/CDC/Src/usbd_cdc.o
 .debug_macro   0x0000000000018481       0xfd ./Middlewares/ST/STM32_USB_Device_Library/Class/CDC/Src/usbd_cdc.o
 .debug_macro   0x000000000001857e      0x332 ./Middlewares/ST/STM32_USB_Device_Library/Core/Src/usbd_core.o
 .debug_macro   0x00000000000188b0      0x1ce ./Middlewares/ST/STM32_USB_Device_Library/Core/Src/usbd_core.o
 .debug_macro   0x0000000000018a7e      0x33c ./Middlewares/ST/STM32_USB_Device_Library/Core/Src/usbd_ctlreq.o
 .debug_macro   0x0000000000018dba      0x338 ./Middlewares/ST/STM32_USB_Device_Library/Core/Src/usbd_ioreq.o
 .debug_macro   0x00000000000190f2      0x371 ./USB_DEVICE/App/usb_device.o
 .debug_macro   0x0000000000019463       0x22 ./USB_DEVICE/App/usb_device.o
 .debug_macro   0x0000000000019485       0x16 ./USB_DEVICE/App/usb_device.o
 .debug_macro   0x000000000001949b      0x356 ./USB_DEVICE/App/usbd_cdc_if.o
 .debug_macro   0x00000000000197f1       0x10 ./USB_DEVICE/App/usbd_cdc_if.o
 .debug_macro   0x0000000000019801      0x36f ./USB_DEVICE/App/usbd_desc.o
 .debug_macro   0x0000000000019b70       0x1c ./USB_DEVICE/App/usbd_desc.o
 .debug_macro   0x0000000000019b8c      0x355 ./USB_DEVICE/Target/usbd_conf.o

.debug_line     0x0000000000000000    0x14c90
 .debug_line    0x0000000000000000      0x7c6 ./Core/Src/gpio.o
 .debug_line    0x00000000000007c6      0x82e ./Core/Src/i2c.o
 .debug_line    0x0000000000000ff4      0xb36 ./Core/Src/main.o
 .debug_line    0x0000000000001b2a      0xc81 ./Core/Src/mpu6050.o
 .debug_line    0x00000000000027ab      0x7ca ./Core/Src/stm32f1xx_hal_msp.o
 .debug_line    0x0000000000002f75      0x8a3 ./Core/Src/stm32f1xx_it.o
 .debug_line    0x0000000000003818      0x847 ./Core/Src/system_stm32f1xx.o
 .debug_line    0x000000000000405f       0x78 ./Core/Startup/startup_stm32f103c8tx.o
 .debug_line    0x00000000000040d7      0xa74 ./Drivers/STM32F1xx_HAL_Driver/Src/stm32f1xx_hal.o
 .debug_line    0x0000000000004b4b      0xc5c ./Drivers/STM32F1xx_HAL_Driver/Src/stm32f1xx_hal_cortex.o
 .debug_line    0x00000000000057a7      0xb0d ./Drivers/STM32F1xx_HAL_Driver/Src/stm32f1xx_hal_gpio.o
 .debug_line    0x00000000000062b4     0x3c1b ./Drivers/STM32F1xx_HAL_Driver/Src/stm32f1xx_hal_i2c.o
 .debug_line    0x0000000000009ecf     0x149c ./Drivers/STM32F1xx_HAL_Driver/Src/stm32f1xx_hal_pcd.o
 .debug_line    0x000000000000b36b      0x842 ./Drivers/STM32F1xx_HAL_Driver/Src/stm32f1xx_hal_pcd_ex.o
 .debug_line    0x000000000000bbad      0xe7d ./Drivers/STM32F1xx_HAL_Driver/Src/stm32f1xx_hal_rcc.o
 .debug_line    0x000000000000ca2a      0x9b8 ./Drivers/STM32F1xx_HAL_Driver/Src/stm32f1xx_hal_rcc_ex.o
 .debug_line    0x000000000000d3e2     0x1129 ./Drivers/STM32F1xx_HAL_Driver/Src/stm32f1xx_ll_usb.o
 .debug_line    0x000000000000e50b      0xde0 ./Middlewares/ST/STM32_USB_Device_Library/Class/CDC/Src/usbd_cdc.o
 .debug_line    0x000000000000f2eb      0xe5c ./Middlewares/ST/STM32_USB_Device_Library/Core/Src/usbd_core.o
 .debug_line    0x0000000000010147     0x1099 ./Middlewares/ST/STM32_USB_Device_Library/Core/Src/usbd_ctlreq.o
 .debug_line    0x00000000000111e0      0xaf2 ./Middlewares/ST/STM32_USB_Device_Library/Core/Src/usbd_ioreq.o
 .debug_line    0x0000000000011cd2      0xab2 ./USB_DEVICE/App/usb_device.o
 .debug_line    0x0000000000012784      0xafa ./USB_DEVICE/App/usbd_cdc_if.o
 .debug_line    0x000000000001327e      0xb7b ./USB_DEVICE/App/usbd_desc.o
 .debug_line    0x0000000000013df9      0xe97 ./USB_DEVICE/Target/usbd_conf.o

.debug_str      0x0000000000000000    0x87949
 .debug_str     0x0000000000000000    0x7ec6c ./Core/Src/gpio.o
                                      0x7ef9b (size before relaxing)
 .debug_str     0x000000000007ec6c      0x503 ./Core/Src/i2c.o
                                      0x7f4fb (size before relaxing)
 .debug_str     0x000000000007f16f     0x479e ./Core/Src/main.o
                                      0x83c2d (size before relaxing)
 .debug_str     0x000000000008390d      0xa45 ./Core/Src/mpu6050.o
                                      0x82fb1 (size before relaxing)
 .debug_str     0x0000000000084352       0x5a ./Core/Src/stm32f1xx_hal_msp.o
                                      0x7efc9 (size before relaxing)
 .debug_str     0x00000000000843ac      0x3d8 ./Core/Src/stm32f1xx_it.o
                                      0x7f3a8 (size before relaxing)
 .debug_str     0x0000000000084784       0x7e ./Core/Src/system_stm32f1xx.o
                                      0x7eff4 (size before relaxing)
 .debug_str     0x0000000000084802       0x66 ./Core/Startup/startup_stm32f103c8tx.o
 .debug_str     0x0000000000084868      0x5fb ./Drivers/STM32F1xx_HAL_Driver/Src/stm32f1xx_hal.o
                                      0x7f727 (size before relaxing)
 .debug_str     0x0000000000084e63      0x293 ./Drivers/STM32F1xx_HAL_Driver/Src/stm32f1xx_hal_cortex.o
                                      0x7f673 (size before relaxing)
 .debug_str     0x00000000000850f6      0x31d ./Drivers/STM32F1xx_HAL_Driver/Src/stm32f1xx_hal_gpio.o
                                      0x7f37a (size before relaxing)
 .debug_str     0x0000000000085413      0xb9f ./Drivers/STM32F1xx_HAL_Driver/Src/stm32f1xx_hal_i2c.o
                                      0x800bb (size before relaxing)
 .debug_str     0x0000000000085fb2      0x5bd ./Drivers/STM32F1xx_HAL_Driver/Src/stm32f1xx_hal_pcd.o
                                      0x7f911 (size before relaxing)
 .debug_str     0x000000000008656f      0x170 ./Drivers/STM32F1xx_HAL_Driver/Src/stm32f1xx_hal_pcd_ex.o
                                      0x7f473 (size before relaxing)
 .debug_str     0x00000000000866df      0x209 ./Drivers/STM32F1xx_HAL_Driver/Src/stm32f1xx_hal_rcc.o
                                      0x7f423 (size before relaxing)
 .debug_str     0x00000000000868e8       0x9f ./Drivers/STM32F1xx_HAL_Driver/Src/stm32f1xx_hal_rcc_ex.o
                                      0x7f173 (size before relaxing)
 .debug_str     0x0000000000086987      0x129 ./Drivers/STM32F1xx_HAL_Driver/Src/stm32f1xx_ll_usb.o
                                      0x7f4c5 (size before relaxing)
 .debug_str     0x0000000000086ab0      0x645 ./Middlewares/ST/STM32_USB_Device_Library/Class/CDC/Src/usbd_cdc.o
                                      0x83ef3 (size before relaxing)
 .debug_str     0x00000000000870f5      0x281 ./Middlewares/ST/STM32_USB_Device_Library/Core/Src/usbd_core.o
                                      0x83823 (size before relaxing)
 .debug_str     0x0000000000087376      0x120 ./Middlewares/ST/STM32_USB_Device_Library/Core/Src/usbd_ctlreq.o
                                      0x8373d (size before relaxing)
 .debug_str     0x0000000000087496       0x51 ./Middlewares/ST/STM32_USB_Device_Library/Core/Src/usbd_ioreq.o
                                      0x8366a (size before relaxing)
 .debug_str     0x00000000000874e7      0x105 ./USB_DEVICE/App/usb_device.o
                                      0x839f5 (size before relaxing)
 .debug_str     0x00000000000875ec       0x8d ./USB_DEVICE/App/usbd_cdc_if.o
                                      0x83a1b (size before relaxing)
 .debug_str     0x0000000000087679      0x258 ./USB_DEVICE/App/usbd_desc.o
                                      0x835a6 (size before relaxing)
 .debug_str     0x00000000000878d1       0x78 ./USB_DEVICE/Target/usbd_conf.o
                                      0x84480 (size before relaxing)

.debug_frame    0x0000000000000000     0x35ec
 .debug_frame   0x0000000000000000       0x38 ./Core/Src/gpio.o
 .debug_frame   0x0000000000000038       0x74 ./Core/Src/i2c.o
 .debug_frame   0x00000000000000ac       0x68 ./Core/Src/main.o
 .debug_frame   0x0000000000000114      0x10c ./Core/Src/mpu6050.o
 .debug_frame   0x0000000000000220       0x38 ./Core/Src/stm32f1xx_hal_msp.o
 .debug_frame   0x0000000000000258      0x120 ./Core/Src/stm32f1xx_it.o
 .debug_frame   0x0000000000000378       0x58 ./Core/Src/system_stm32f1xx.o
 .debug_frame   0x00000000000003d0      0x334 ./Drivers/STM32F1xx_HAL_Driver/Src/stm32f1xx_hal.o
 .debug_frame   0x0000000000000704      0x428 ./Drivers/STM32F1xx_HAL_Driver/Src/stm32f1xx_hal_cortex.o
 .debug_frame   0x0000000000000b2c      0x14c ./Drivers/STM32F1xx_HAL_Driver/Src/stm32f1xx_hal_gpio.o
 .debug_frame   0x0000000000000c78      0xc84 ./Drivers/STM32F1xx_HAL_Driver/Src/stm32f1xx_hal_i2c.o
 .debug_frame   0x00000000000018fc      0x594 ./Drivers/STM32F1xx_HAL_Driver/Src/stm32f1xx_hal_pcd.o
 .debug_frame   0x0000000000001e90       0xb0 ./Drivers/STM32F1xx_HAL_Driver/Src/stm32f1xx_hal_pcd_ex.o
 .debug_frame   0x0000000000001f40      0x218 ./Drivers/STM32F1xx_HAL_Driver/Src/stm32f1xx_hal_rcc.o
 .debug_frame   0x0000000000002158       0x80 ./Drivers/STM32F1xx_HAL_Driver/Src/stm32f1xx_hal_rcc_ex.o
 .debug_frame   0x00000000000021d8      0x470 ./Drivers/STM32F1xx_HAL_Driver/Src/stm32f1xx_ll_usb.o
 .debug_frame   0x0000000000002648      0x248 ./Middlewares/ST/STM32_USB_Device_Library/Class/CDC/Src/usbd_cdc.o
 .debug_frame   0x0000000000002890      0x300 ./Middlewares/ST/STM32_USB_Device_Library/Core/Src/usbd_core.o
 .debug_frame   0x0000000000002b90      0x218 ./Middlewares/ST/STM32_USB_Device_Library/Core/Src/usbd_ctlreq.o
 .debug_frame   0x0000000000002da8      0x10c ./Middlewares/ST/STM32_USB_Device_Library/Core/Src/usbd_ioreq.o
 .debug_frame   0x0000000000002eb4       0x2c ./USB_DEVICE/App/usb_device.o
 .debug_frame   0x0000000000002ee0       0xbc ./USB_DEVICE/App/usbd_cdc_if.o
 .debug_frame   0x0000000000002f9c      0x160 ./USB_DEVICE/App/usbd_desc.o
 .debug_frame   0x00000000000030fc      0x4a4 ./USB_DEVICE/Target/usbd_conf.o
 .debug_frame   0x00000000000035a0       0x20 D:/Programas/STM32CubeIDE/STM32CubeIDE_1.14.0/STM32CubeIDE/plugins/com.st.stm32cube.ide.mcu.externaltools.gnu-tools-for-stm32.11.3.rel1.win32_1.1.100.202309141235/tools/bin/../lib/gcc/arm-none-eabi/11.3.1/../../../../arm-none-eabi/lib/thumb/v7-m/nofp\libc_nano.a(libc_a-memset.o)
 .debug_frame   0x00000000000035c0       0x2c D:/Programas/STM32CubeIDE/STM32CubeIDE_1.14.0/STM32CubeIDE/plugins/com.st.stm32cube.ide.mcu.externaltools.gnu-tools-for-stm32.11.3.rel1.win32_1.1.100.202309141235/tools/bin/../lib/gcc/arm-none-eabi/11.3.1/../../../../arm-none-eabi/lib/thumb/v7-m/nofp\libc_nano.a(libc_a-init.o)

.debug_line_str
                0x0000000000000000       0x5a
 .debug_line_str
                0x0000000000000000       0x5a ./Core/Startup/startup_stm32f103c8tx.o
                                         0x72 (size before relaxing)
